Bundling 6%
Bundling 24%
Bundling 38%
Bundling 51%
Bundling 65%
Bundling 70%
Bundling 75%
Bundling 80%
Bundling 85%
Bundling 91%
Bundling 98%
Bundling 100%
Getting composition
Composition          Anim49-Recap4Fonctions
Codec                h264
Output               animations/verdant/Anim49-Recap4Fonctions.mp4
Concurrency          4x
Rendered 0/150
Rendered 1/150, time remaining: 34m 27s
Rendered 2/150, time remaining: 17m 44s
Rendered 3/150, time remaining: 11m 45s
Rendered 4/150, time remaining: 9m 46s
Rendered 5/150, time remaining: 9m 20s
Rendered 6/150, time remaining: 7m 49s
Rendered 7/150, time remaining: 6m 40s
Rendered 8/150, time remaining: 5m 52s
Rendered 9/150, time remaining: 6m 16s
Rendered 10/150, time remaining: 5m 40s
Rendered 11/150, time remaining: 5m 10s
Rendered 12/150, time remaining: 4m 42s
Rendered 13/150, time remaining: 5m 18s
Rendered 14/150, time remaining: 5m 9s
Rendered 15/150, time remaining: 4m 50s
Rendered 16/150, time remaining: 4m 32s
Rendered 17/150, time remaining: 5m 50s
Rendered 18/150, time remaining: 5m 41s
Rendered 19/150, time remaining: 5m 23s
Rendered 20/150, time remaining: 5m 7s
Rendered 21/150, time remaining: 6m 13s
Rendered 22/150, time remaining: 6m 42s
Rendered 23/150, time remaining: 6m 30s
Rendered 24/150, time remaining: 6m 11s
Rendered 25/150, time remaining: 6m 52s
Rendered 26/150, time remaining: 6m 42s
Rendered 27/150, time remaining: 6m 26s
Rendered 28/150, time remaining: 6m 32s
Rendered 29/150, time remaining: 6m 38s
Rendered 30/150, time remaining: 6m 32s
Rendered 31/150, time remaining: 6m 17s
Rendered 32/150, time remaining: 6m 20s
Rendered 33/150, time remaining: 6m 25s
Rendered 34/150, time remaining: 6m 19s
Rendered 35/150, time remaining: 6m 8s
Rendered 36/150, time remaining: 6m 28s
Rendered 37/150, time remaining: 6m 15s
Rendered 38/150, time remaining: 6m 7s
Rendered 39/150, time remaining: 5m 59s
Rendered 40/150, time remaining: 6m 16s
Rendered 41/150, time remaining: 6m 4s
Rendered 42/150, time remaining: 5m 55s
Rendered 43/150, time remaining: 5m 49s
Rendered 44/150, time remaining: 6m 2s
Rendered 45/150, time remaining: 5m 53s
Rendered 46/150, time remaining: 5m 43s
Rendered 47/150, time remaining: 5m 37s
Rendered 48/150, time remaining: 5m 50s
Rendered 49/150, time remaining: 5m 41s
Rendered 50/150, time remaining: 5m 36s
Rendered 51/150, time remaining: 5m 33s
Rendered 52/150, time remaining: 5m 39s
Rendered 53/150, time remaining: 5m 33s
Rendered 54/150, time remaining: 5m 31s
Rendered 55/150, time remaining: 5m 22s
Rendered 56/150, time remaining: 5m 27s
Rendered 57/150, time remaining: 5m 23s
Rendered 58/150, time remaining: 5m 19s
Rendered 59/150, time remaining: 5m 11s
Rendered 60/150, time remaining: 5m 14s
Rendered 61/150, time remaining: 5m 12s
Rendered 62/150, time remaining: 5m 8s
Rendered 63/150, time remaining: 5m 0s
Rendered 64/150, time remaining: 5m 1s
Rendered 65/150, time remaining: 4m 58s
Rendered 66/150, time remaining: 4m 55s
Rendered 67/150, time remaining: 4m 49s
Rendered 68/150, time remaining: 4m 48s
Rendered 69/150, time remaining: 4m 45s
Rendered 70/150, time remaining: 4m 41s
Rendered 71/150, time remaining: 4m 36s
Rendered 72/150, time remaining: 4m 35s
Rendered 73/150, time remaining: 4m 32s
Rendered 74/150, time remaining: 4m 28s
Rendered 75/150, time remaining: 4m 22s
Rendered 76/150, time remaining: 4m 21s
Rendered 77/150, time remaining: 4m 21s
Rendered 78/150, time remaining: 4m 15s
Rendered 79/150, time remaining: 4m 12s
Rendered 80/150, time remaining: 4m 6s
Rendered 81/150, time remaining: 4m 7s
Rendered 82/150, time remaining: 4m 1s
Rendered 83/150, time remaining: 3m 57s
Rendered 84/150, time remaining: 3m 52s
Rendered 85/150, time remaining: 3m 51s
Rendered 86/150, time remaining: 3m 46s
Rendered 87/150, time remaining: 3m 43s
Rendered 88/150, time remaining: 3m 38s
Rendered 89/150, time remaining: 3m 36s
Rendered 90/150, time remaining: 3m 32s
Rendered 91/150, time remaining: 3m 29s
Rendered 92/150, time remaining: 3m 27s
Rendered 93/150, time remaining: 3m 22s
Rendered 94/150, time remaining: 3m 18s
Rendered 95/150, time remaining: 3m 15s
Rendered 96/150, time remaining: 3m 13s
Rendered 97/150, time remaining: 3m 8s
Rendered 98/150, time remaining: 3m 4s
Rendered 99/150, time remaining: 3m 4s
Rendered 100/150, time remaining: 2m 59s
Rendered 101/150, time remaining: 2m 57s
Rendered 102/150, time remaining: 2m 53s
Rendered 103/150, time remaining: 2m 50s
Rendered 104/150, time remaining: 2m 48s
Rendered 105/150, time remaining: 2m 43s
Rendered 106/150, time remaining: 2m 38s
Rendered 107/150, time remaining: 2m 35s
Rendered 108/150, time remaining: 2m 33s
Rendered 109/150, time remaining: 2m 28s
Rendered 110/150, time remaining: 2m 23s
Rendered 111/150, time remaining: 2m 20s
Rendered 112/150, time remaining: 2m 18s
Rendered 113/150, time remaining: 2m 13s
Rendered 114/150, time remaining: 2m 8s
Rendered 115/150, time remaining: 2m 5s
Rendered 116/150, time remaining: 2m 2s
Rendered 117/150, time remaining: 1m 57s
Rendered 118/150, time remaining: 1m 53s
Rendered 119/150, time remaining: 1m 50s
Rendered 120/150, time remaining: 1m 47s
Rendered 121/150, time remaining: 1m 42s
Rendered 122/150, time remaining: 1m 38s
Rendered 123/150, time remaining: 1m 35s
Rendered 124/150, time remaining: 1m 31s
Rendered 125/150, time remaining: 1m 27s
Rendered 126/150, time remaining: 1m 23s
Rendered 127/150, time remaining: 1m 20s
Rendered 128/150, time remaining: 1m 17s
Rendered 129/150, time remaining: 1m 13s
Rendered 130/150, time remaining: 1m 9s
Rendered 131/150, time remaining: 1m 5s
Rendered 132/150, time remaining: 1m 2s
Rendered 133/150, time remaining: 58s
Rendered 134/150, time remaining: 54s
Rendered 135/150, time remaining: 51s
Rendered 136/150, time remaining: 48s
Rendered 137/150, time remaining: 44s
Rendered 138/150, time remaining: 40s
Rendered 139/150, time remaining: 37s
Rendered 140/150, time remaining: 34s
Rendered 141/150, time remaining: 30s
Rendered 142/150, time remaining: 26s
Rendered 143/150, time remaining: 23s
Rendered 144/150, time remaining: 20s
Rendered 145/150, time remaining: 16s
Rendered 146/150, time remaining: 13s
Rendered 147/150, time remaining: 10s
Rendered 148/150, time remaining: 6s
Rendered 149/150, time remaining: 3s
Rendered 150/150
Encoded 1/150
Encoded 3/150
Encoded 5/150
Encoded 5/150
Encoded 5/150
Encoded 7/150
Encoded 9/150
Encoded 9/150
Encoded 13/150
Encoded 13/150
Encoded 16/150
Encoded 17/150
Encoded 17/150
Encoded 17/150
Encoded 17/150
Encoded 17/150
Encoded 17/150
Encoded 21/150
Encoded 29/150
Encoded 29/150
Encoded 32/150
Encoded 44/150
Encoded 44/150
Encoded 51/150
Encoded 56/150
Encoded 59/150
Encoded 66/150
Encoded 68/150
Encoded 72/150
Encoded 80/150
Encoded 84/150
Encoded 84/150
Encoded 88/150
Encoded 92/150
Encoded 96/150
Encoded 100/150
Encoded 108/150
Encoded 108/150
Encoded 116/150
Encoded 120/150
Encoded 124/150
Encoded 132/150
Encoded 136/150
Encoded 144/150
Encoded 150/150
+                    animations/verdant/Anim49-Recap4Fonctions.mp4 1.2 MB
