Bundling 6%
Bundling 24%
Bundling 38%
Bundling 51%
Bundling 65%
Bundling 70%
Bundling 75%
Bundling 80%
Bundling 85%
Bundling 91%
Bundling 98%
Bundling 100%
Getting composition
Composition          Anim28-PrixVerdant
Codec                h264
Output               animations/verdant/Anim28-PrixVerdant.mp4
Concurrency          4x
Rendered 0/90
Rendered 1/90, time remaining: 29m 7s
Rendered 2/90, time remaining: 14m 23s
Rendered 3/90, time remaining: 9m 32s
Rendered 4/90, time remaining: 7m 11s
Rendered 5/90, time remaining: 8m 55s
Rendered 6/90, time remaining: 7m 29s
Rendered 7/90, time remaining: 7m 10s
Rendered 8/90, time remaining: 6m 19s
Rendered 9/90, time remaining: 6m 28s
Rendered 10/90, time remaining: 6m 15s
Rendered 11/90, time remaining: 5m 40s
Rendered 12/90, time remaining: 5m 10s
Rendered 13/90, time remaining: 5m 18s
Rendered 14/90, time remaining: 5m 9s
Rendered 15/90, time remaining: 4m 47s
Rendered 16/90, time remaining: 4m 29s
Rendered 17/90, time remaining: 4m 36s
Rendered 18/90, time remaining: 4m 29s
Rendered 19/90, time remaining: 4m 12s
Rendered 20/90, time remaining: 3m 59s
Rendered 21/90, time remaining: 4m 5s
Rendered 22/90, time remaining: 4m 0s
Rendered 23/90, time remaining: 3m 49s
Rendered 24/90, time remaining: 3m 45s
Rendered 25/90, time remaining: 3m 39s
Rendered 26/90, time remaining: 3m 35s
Rendered 27/90, time remaining: 3m 25s
Rendered 28/90, time remaining: 3m 21s
Rendered 29/90, time remaining: 3m 16s
Rendered 30/90, time remaining: 3m 11s
Rendered 31/90, time remaining: 3m 3s
Rendered 32/90, time remaining: 2m 59s
Rendered 33/90, time remaining: 2m 54s
Rendered 34/90, time remaining: 2m 48s
Rendered 35/90, time remaining: 2m 42s
Rendered 36/90, time remaining: 2m 39s
Rendered 37/90, time remaining: 2m 34s
Rendered 38/90, time remaining: 2m 29s
Rendered 39/90, time remaining: 2m 23s
Rendered 40/90, time remaining: 2m 20s
Rendered 41/90, time remaining: 2m 16s
Rendered 42/90, time remaining: 2m 11s
Rendered 43/90, time remaining: 2m 9s
Rendered 44/90, time remaining: 2m 4s
Rendered 45/90, time remaining: 2m 0s
Rendered 46/90, time remaining: 1m 56s
Rendered 47/90, time remaining: 1m 53s
Rendered 48/90, time remaining: 1m 48s
Rendered 49/90, time remaining: 1m 45s
Rendered 50/90, time remaining: 1m 41s
Rendered 51/90, time remaining: 1m 39s
Rendered 52/90, time remaining: 1m 35s
Rendered 53/90, time remaining: 1m 32s
Rendered 54/90, time remaining: 1m 28s
Rendered 55/90, time remaining: 1m 26s
Rendered 56/90, time remaining: 1m 22s
Rendered 57/90, time remaining: 1m 19s
Rendered 58/90, time remaining: 1m 16s
Rendered 59/90, time remaining: 1m 14s
Rendered 60/90, time remaining: 1m 10s
Rendered 61/90, time remaining: 1m 8s
Rendered 62/90, time remaining: 1m 5s
Rendered 63/90, time remaining: 1m 2s
Rendered 64/90, time remaining: 59s
Rendered 65/90, time remaining: 57s
Rendered 66/90, time remaining: 54s
Rendered 67/90, time remaining: 52s
Rendered 68/90, time remaining: 49s
Rendered 69/90, time remaining: 46s
Rendered 70/90, time remaining: 44s
Rendered 71/90, time remaining: 42s
Rendered 72/90, time remaining: 39s
Rendered 73/90, time remaining: 37s
Rendered 74/90, time remaining: 34s
Rendered 75/90, time remaining: 32s
Rendered 76/90, time remaining: 30s
Rendered 77/90, time remaining: 27s
Rendered 78/90, time remaining: 25s
Rendered 79/90, time remaining: 23s
Rendered 80/90, time remaining: 21s
Rendered 81/90, time remaining: 18s
Rendered 82/90, time remaining: 16s
Rendered 83/90, time remaining: 14s
Rendered 84/90, time remaining: 12s
Rendered 85/90, time remaining: 10s
Rendered 86/90, time remaining: 8s
Rendered 87/90, time remaining: 6s
Rendered 88/90, time remaining: 4s
Rendered 89/90, time remaining: 2s
Rendered 90/90
Encoded 1/90
Encoded 3/90
Encoded 5/90
Encoded 5/90
Encoded 5/90
Encoded 10/90
Encoded 14/90
Encoded 17/90
Encoded 17/90
Encoded 18/90
Encoded 19/90
Encoded 19/90
Encoded 21/90
Encoded 28/90
Encoded 31/90
Encoded 31/90
Encoded 31/90
Encoded 35/90
Encoded 39/90
Encoded 43/90
Encoded 45/90
Encoded 47/90
Encoded 47/90
Encoded 47/90
Encoded 55/90
Encoded 59/90
Encoded 59/90
Encoded 59/90
Encoded 60/90
Encoded 67/90
Encoded 67/90
Encoded 71/90
Encoded 71/90
Encoded 71/90
Encoded 71/90
Encoded 71/90
Encoded 76/90
Encoded 79/90
Encoded 83/90
Encoded 83/90
Encoded 85/90
Encoded 87/90
Encoded 90/90
+                    animations/verdant/Anim28-PrixVerdant.mp4 818.1 kB
