Bundling 6%
Bundling 24%
Bundling 38%
Bundling 51%
Bundling 65%
Bundling 70%
Bundling 75%
Bundling 80%
Bundling 85%
Bundling 91%
Bundling 98%
Bundling 100%
<w> [webpack.cache.PackFileCacheStrategy] Caching failed for pack: Error: ENOENT: no such file or directory, rename '/Users/ibrahimkamara/yt-animations/node_modules/.cache/webpack/remotion-production-4.0.462/2c23024c16c471ec43657ab4d27e280c/0.pack_' -> '/Users/ibrahimkamara/yt-animations/node_modules/.cache/webpack/remotion-production-4.0.462/2c23024c16c471ec43657ab4d27e280c/0.pack'
Getting composition
Composition          Anim21-FluxAgent3
Codec                h264
Output               animations/verdant/Anim21-FluxAgent3.mp4
Concurrency          4x
Rendered 0/120
Rendered 1/120, time remaining: 6m 50s
Rendered 2/120, time remaining: 3m 33s
Rendered 3/120, time remaining: 2m 28s
Rendered 4/120, time remaining: 1m 50s
Rendered 5/120, time remaining: 2m 3s
Rendered 6/120, time remaining: 1m 41s
Rendered 7/120, time remaining: 1m 26s
Rendered 8/120, time remaining: 1m 22s
Rendered 9/120, time remaining: 1m 28s
Rendered 10/120, time remaining: 1m 20s
Rendered 11/120, time remaining: 1m 16s
Rendered 12/120, time remaining: 1m 29s
Rendered 13/120, time remaining: 1m 22s
Rendered 14/120, time remaining: 1m 18s
Rendered 15/120, time remaining: 1m 13s
Rendered 16/120, time remaining: 1m 29s
Rendered 17/120, time remaining: 1m 23s
Rendered 18/120, time remaining: 1m 18s
Rendered 19/120, time remaining: 1m 31s
Rendered 20/120, time remaining: 1m 44s
Rendered 21/120, time remaining: 1m 38s
Rendered 22/120, time remaining: 1m 36s
Rendered 23/120, time remaining: 1m 56s
Rendered 24/120, time remaining: 2m 11s
Rendered 25/120, time remaining: 2m 5s
Rendered 26/120, time remaining: 2m 2s
Rendered 27/120, time remaining: 2m 27s
Rendered 28/120, time remaining: 2m 33s
Rendered 29/120, time remaining: 2m 27s
Rendered 30/120, time remaining: 2m 25s
Rendered 31/120, time remaining: 2m 42s
Rendered 32/120, time remaining: 2m 50s
Rendered 33/120, time remaining: 2m 51s
Rendered 34/120, time remaining: 2m 48s
Rendered 35/120, time remaining: 2m 49s
Rendered 36/120, time remaining: 2m 56s
Rendered 37/120, time remaining: 2m 55s
Rendered 38/120, time remaining: 2m 58s
Rendered 39/120, time remaining: 2m 59s
Rendered 40/120, time remaining: 2m 58s
Rendered 41/120, time remaining: 3m 8s
Rendered 42/120, time remaining: 3m 6s
Rendered 43/120, time remaining: 3m 12s
Rendered 44/120, time remaining: 3m 11s
Rendered 45/120, time remaining: 3m 12s
Rendered 46/120, time remaining: 3m 14s
Rendered 47/120, time remaining: 3m 16s
Rendered 48/120, time remaining: 3m 22s
Rendered 49/120, time remaining: 3m 21s
Rendered 50/120, time remaining: 3m 21s
Rendered 51/120, time remaining: 3m 16s
Rendered 52/120, time remaining: 3m 15s
Rendered 53/120, time remaining: 3m 12s
Rendered 54/120, time remaining: 3m 9s
Rendered 55/120, time remaining: 3m 4s
Rendered 56/120, time remaining: 3m 7s
Rendered 57/120, time remaining: 3m 2s
Rendered 58/120, time remaining: 2m 57s
Rendered 59/120, time remaining: 2m 52s
Rendered 60/120, time remaining: 2m 53s
Rendered 61/120, time remaining: 2m 49s
Rendered 62/120, time remaining: 2m 43s
Rendered 63/120, time remaining: 2m 39s
Rendered 64/120, time remaining: 2m 39s
Rendered 65/120, time remaining: 2m 35s
Rendered 66/120, time remaining: 2m 30s
Rendered 67/120, time remaining: 2m 26s
Rendered 68/120, time remaining: 2m 26s
Rendered 69/120, time remaining: 2m 22s
Rendered 70/120, time remaining: 2m 17s
Rendered 71/120, time remaining: 2m 13s
Rendered 72/120, time remaining: 2m 13s
Rendered 73/120, time remaining: 2m 8s
Rendered 74/120, time remaining: 2m 4s
Rendered 75/120, time remaining: 2m 0s
Rendered 76/120, time remaining: 2m 0s
Rendered 77/120, time remaining: 1m 56s
Rendered 78/120, time remaining: 1m 52s
Rendered 79/120, time remaining: 1m 48s
Rendered 80/120, time remaining: 1m 47s
Rendered 81/120, time remaining: 1m 44s
Rendered 82/120, time remaining: 1m 40s
Rendered 83/120, time remaining: 1m 37s
Rendered 84/120, time remaining: 1m 36s
Rendered 85/120, time remaining: 1m 32s
Rendered 86/120, time remaining: 1m 28s
Rendered 87/120, time remaining: 1m 25s
Rendered 88/120, time remaining: 1m 24s
Rendered 89/120, time remaining: 1m 21s
Rendered 90/120, time remaining: 1m 17s
Rendered 91/120, time remaining: 1m 14s
Rendered 92/120, time remaining: 1m 13s
Rendered 93/120, time remaining: 1m 9s
Rendered 94/120, time remaining: 1m 6s
Rendered 95/120, time remaining: 1m 3s
Rendered 96/120, time remaining: 1m 2s
Rendered 97/120, time remaining: 58s
Rendered 98/120, time remaining: 55s
Rendered 99/120, time remaining: 53s
Rendered 100/120, time remaining: 51s
Rendered 101/120, time remaining: 48s
Rendered 102/120, time remaining: 45s
Rendered 103/120, time remaining: 42s
Rendered 104/120, time remaining: 40s
Rendered 105/120, time remaining: 37s
Rendered 106/120, time remaining: 34s
Rendered 107/120, time remaining: 32s
Rendered 108/120, time remaining: 29s
Rendered 109/120, time remaining: 27s
Rendered 110/120, time remaining: 24s
Rendered 111/120, time remaining: 21s
Rendered 112/120, time remaining: 19s
Rendered 113/120, time remaining: 16s
Rendered 114/120, time remaining: 14s
Rendered 115/120, time remaining: 11s
Rendered 116/120, time remaining: 9s
Rendered 117/120, time remaining: 7s
Rendered 118/120, time remaining: 4s
Rendered 119/120, time remaining: 2s
Rendered 120/120
Encoded 1/120
Encoded 1/120
Encoded 5/120
Encoded 5/120
Encoded 19/120
Encoded 31/120
Encoded 39/120
Encoded 47/120
Encoded 58/120
Encoded 66/120
Encoded 82/120
Encoded 90/120
Encoded 103/120
Encoded 114/120
Encoded 120/120
+                    animations/verdant/Anim21-FluxAgent3.mp4 986.1 kB
