Bundling 6%
Bundling 16%
Bundling 64%
Bundling 69%
Bundling 74%
Bundling 80%
Bundling 85%
Bundling 90%
Bundling 95%
Bundling 100%
<w> [webpack.cache.PackFileCacheStrategy] Caching failed for pack: Error: ENOENT: no such file or directory, rename '/Users/ibrahimkamara/yt-animations/node_modules/.cache/webpack/remotion-production-4.0.462/2c23024c16c471ec43657ab4d27e280c/4.pack_' -> '/Users/ibrahimkamara/yt-animations/node_modules/.cache/webpack/remotion-production-4.0.462/2c23024c16c471ec43657ab4d27e280c/4.pack'
Getting composition
Composition          Anim12-TransitionP1
Codec                h264
Output               animations/verdant/Anim12-TransitionP1.mp4
Concurrency          4x
Rendered 0/90
Rendered 1/90, time remaining: 12m 3s
Rendered 2/90, time remaining: 6m 6s
Rendered 3/90, time remaining: 4m 3s
Rendered 4/90, time remaining: 3m 4s
Rendered 5/90, time remaining: 6m 1s
Rendered 6/90, time remaining: 6m 14s
Rendered 7/90, time remaining: 6m 32s
Rendered 8/90, time remaining: 5m 48s
Rendered 9/90, time remaining: 15m 54s
Rendered 10/90, time remaining: 14m 23s
Rendered 11/90, time remaining: 12m 55s
Rendered 12/90, time remaining: 11m 42s
Rendered 13/90, time remaining: 12m 15s
Rendered 14/90, time remaining: 11m 14s
Rendered 15/90, time remaining: 10m 22s
Rendered 16/90, time remaining: 9m 37s
Rendered 17/90, time remaining: 9m 50s
Rendered 18/90, time remaining: 9m 12s
Rendered 19/90, time remaining: 8m 38s
Rendered 20/90, time remaining: 8m 5s
Rendered 21/90, time remaining: 8m 16s
Rendered 22/90, time remaining: 7m 50s
Rendered 23/90, time remaining: 7m 26s
Rendered 24/90, time remaining: 7m 3s
Rendered 25/90, time remaining: 7m 7s
Rendered 26/90, time remaining: 6m 49s
Rendered 27/90, time remaining: 6m 31s
Rendered 28/90, time remaining: 6m 12s
Rendered 29/90, time remaining: 6m 17s
Rendered 30/90, time remaining: 6m 0s
Rendered 31/90, time remaining: 5m 48s
Rendered 32/90, time remaining: 5m 42s
Rendered 33/90, time remaining: 5m 39s
Rendered 34/90, time remaining: 5m 25s
Rendered 35/90, time remaining: 5m 18s
Rendered 36/90, time remaining: 5m 7s
Rendered 37/90, time remaining: 5m 3s
Rendered 38/90, time remaining: 4m 53s
Rendered 39/90, time remaining: 4m 47s
Rendered 40/90, time remaining: 4m 36s
Rendered 41/90, time remaining: 4m 35s
Rendered 42/90, time remaining: 4m 27s
Rendered 43/90, time remaining: 4m 18s
Rendered 44/90, time remaining: 4m 7s
Rendered 45/90, time remaining: 4m 6s
Rendered 46/90, time remaining: 3m 59s
Rendered 47/90, time remaining: 3m 50s
Rendered 48/90, time remaining: 3m 41s
Rendered 49/90, time remaining: 3m 41s
Rendered 50/90, time remaining: 3m 33s
Rendered 51/90, time remaining: 3m 24s
Rendered 52/90, time remaining: 3m 16s
Rendered 53/90, time remaining: 3m 16s
Rendered 54/90, time remaining: 3m 9s
Rendered 55/90, time remaining: 3m 6s
Rendered 56/90, time remaining: 2m 58s
Rendered 57/90, time remaining: 2m 53s
Rendered 58/90, time remaining: 2m 45s
Rendered 59/90, time remaining: 2m 42s
Rendered 60/90, time remaining: 2m 36s
Rendered 61/90, time remaining: 2m 30s
Rendered 62/90, time remaining: 2m 24s
Rendered 63/90, time remaining: 2m 20s
Rendered 64/90, time remaining: 2m 13s
Rendered 65/90, time remaining: 2m 9s
Rendered 66/90, time remaining: 2m 2s
Rendered 67/90, time remaining: 1m 58s
Rendered 68/90, time remaining: 1m 52s
Rendered 69/90, time remaining: 1m 50s
Rendered 70/90, time remaining: 1m 44s
Rendered 71/90, time remaining: 1m 37s
Rendered 72/90, time remaining: 1m 31s
Rendered 73/90, time remaining: 1m 28s
Rendered 74/90, time remaining: 1m 23s
Rendered 75/90, time remaining: 1m 16s
Rendered 76/90, time remaining: 1m 11s
Rendered 77/90, time remaining: 1m 7s
Rendered 78/90, time remaining: 1m 2s
Rendered 79/90, time remaining: 57s
Rendered 80/90, time remaining: 52s
Rendered 81/90, time remaining: 46s
Rendered 82/90, time remaining: 42s
Rendered 83/90, time remaining: 36s
Rendered 84/90, time remaining: 31s
Rendered 85/90, time remaining: 26s
Rendered 86/90, time remaining: 21s
Rendered 87/90, time remaining: 15s
Rendered 88/90, time remaining: 10s
Rendered 89/90, time remaining: 5s
Rendered 90/90
Encoded 2/90
Encoded 2/90
Encoded 4/90
Encoded 4/90
Encoded 4/90
Encoded 4/90
Encoded 5/90
Encoded 9/90
Encoded 10/90
Encoded 11/90
Encoded 14/90
Encoded 14/90
Encoded 15/90
Encoded 17/90
Encoded 19/90
Encoded 21/90
Encoded 23/90
Encoded 24/90
Encoded 24/90
Encoded 24/90
Encoded 24/90
Encoded 28/90
Encoded 28/90
Encoded 29/90
Encoded 32/90
Encoded 32/90
Encoded 32/90
Encoded 36/90
Encoded 37/90
Encoded 40/90
Encoded 40/90
Encoded 40/90
Encoded 44/90
Encoded 44/90
Encoded 44/90
Encoded 48/90
Encoded 50/90
Encoded 52/90
Encoded 52/90
Encoded 52/90
Encoded 52/90
Encoded 56/90
Encoded 56/90
Encoded 60/90
Encoded 60/90
Encoded 64/90
Encoded 64/90
Encoded 64/90
Encoded 72/90
Encoded 72/90
Encoded 72/90
Encoded 76/90
Encoded 76/90
Encoded 80/90
Encoded 81/90
Encoded 84/90
Encoded 86/90
Encoded 90/90
+                    animations/verdant/Anim12-TransitionP1.mp4 825.9 kB
