Bundling 6%
Bundling 13%
Bundling 64%
Bundling 69%
Bundling 74%
Bundling 80%
Bundling 85%
Bundling 90%
Bundling 95%
Bundling 100%
Getting composition
Composition          Anim09-ResteFinVideo
Codec                h264
Output               animations/verdant/Anim09-ResteFinVideo.mp4
Concurrency          4x
Rendered 0/75
Rendered 1/75, time remaining: 9m 25s
Rendered 2/75, time remaining: 1h 19m 21s
Rendered 3/75, time remaining: 53m 48s
Rendered 4/75, time remaining: 42m 45s
Rendered 5/75, time remaining: 42m 8s
Rendered 6/75, time remaining: 39m 8s
Rendered 7/75, time remaining: 33m 35s
Rendered 8/75, time remaining: 29m 46s
Rendered 9/75, time remaining: 29m 32s
Rendered 10/75, time remaining: 26m 47s
Rendered 11/75, time remaining: 24m 21s
Rendered 12/75, time remaining: 22m 48s
Rendered 13/75, time remaining: 21m 38s
Rendered 14/75, time remaining: 19m 53s
Rendered 15/75, time remaining: 18m 29s
Rendered 16/75, time remaining: 17m 17s
Rendered 17/75, time remaining: 16m 51s
Rendered 18/75, time remaining: 16m 0s
Rendered 19/75, time remaining: 15m 7s
Rendered 20/75, time remaining: 14m 21s
Rendered 21/75, time remaining: 13m 35s
Rendered 22/75, time remaining: 13m 0s
Rendered 23/75, time remaining: 12m 51s
Rendered 24/75, time remaining: 12m 13s
Rendered 25/75, time remaining: 11m 36s
Rendered 26/75, time remaining: 11m 1s
Rendered 27/75, time remaining: 10m 46s
Rendered 28/75, time remaining: 10m 17s
Rendered 29/75, time remaining: 9m 48s
Rendered 30/75, time remaining: 9m 36s
Rendered 31/75, time remaining: 9m 25s
Rendered 32/75, time remaining: 9m 0s
Rendered 33/75, time remaining: 8m 37s
Rendered 34/75, time remaining: 8m 24s
Rendered 35/75, time remaining: 8m 3s
Rendered 36/75, time remaining: 7m 47s
Rendered 37/75, time remaining: 7m 28s
Rendered 38/75, time remaining: 7m 10s
Rendered 39/75, time remaining: 6m 53s
Rendered 40/75, time remaining: 6m 48s
Rendered 41/75, time remaining: 6m 32s
Rendered 42/75, time remaining: 6m 12s
Rendered 43/75, time remaining: 5m 58s
Rendered 44/75, time remaining: 5m 43s
Rendered 45/75, time remaining: 5m 28s
Rendered 46/75, time remaining: 5m 15s
Rendered 47/75, time remaining: 5m 1s
Rendered 48/75, time remaining: 4m 45s
Rendered 49/75, time remaining: 4m 32s
Rendered 50/75, time remaining: 4m 19s
Rendered 51/75, time remaining: 4m 10s
Rendered 52/75, time remaining: 3m 56s
Rendered 53/75, time remaining: 3m 44s
Rendered 54/75, time remaining: 3m 32s
Rendered 55/75, time remaining: 3m 20s
Rendered 56/75, time remaining: 3m 7s
Rendered 57/75, time remaining: 2m 56s
Rendered 58/75, time remaining: 2m 44s
Rendered 59/75, time remaining: 2m 33s
Rendered 60/75, time remaining: 2m 22s
Rendered 61/75, time remaining: 2m 11s
Rendered 62/75, time remaining: 2m 0s
Rendered 63/75, time remaining: 1m 50s
Rendered 64/75, time remaining: 1m 40s
Rendered 65/75, time remaining: 1m 30s
Rendered 66/75, time remaining: 1m 20s
Rendered 67/75, time remaining: 1m 10s
Rendered 68/75, time remaining: 1m 1s
Rendered 69/75, time remaining: 52s
Rendered 70/75, time remaining: 43s
Rendered 71/75, time remaining: 34s
Rendered 72/75, time remaining: 25s
Rendered 73/75, time remaining: 16s
Rendered 74/75, time remaining: 8s
Rendered 75/75
Encoded 2/75
Encoded 2/75
Encoded 2/75
Encoded 2/75
Encoded 3/75
Encoded 3/75
Encoded 4/75
Encoded 15/75
Encoded 18/75
Encoded 24/75
Encoded 27/75
Encoded 31/75
Encoded 39/75
Encoded 39/75
Encoded 47/75
Encoded 51/75
Encoded 59/75
Encoded 63/75
Encoded 63/75
Encoded 63/75
Encoded 67/75
Encoded 75/75
+                    animations/verdant/Anim09-ResteFinVideo.mp4 1 MB
