Bundling 6%
Bundling 18%
Bundling 64%
Bundling 69%
Bundling 74%
Bundling 80%
Bundling 85%
Bundling 90%
Bundling 95%
Bundling 100%
Getting composition
Composition          Anim32-RehookSemiAuto
Codec                h264
Output               animations/verdant/Anim32-RehookSemiAuto.mp4
Concurrency          4x
Rendered 0/75
Rendered 1/75, time remaining: 13m 34s
Rendered 2/75, time remaining: 21m 58s
Rendered 3/75, time remaining: 18m 27s
Rendered 4/75, time remaining: 15m 17s
Rendered 5/75, time remaining: 12m 6s
Rendered 6/75, time remaining: 11m 6s
Rendered 7/75, time remaining: 9m 32s
Rendered 8/75, time remaining: 8m 14s
Rendered 9/75, time remaining: 7m 39s
Rendered 10/75, time remaining: 7m 31s
Rendered 11/75, time remaining: 6m 52s
Rendered 12/75, time remaining: 6m 22s
Rendered 13/75, time remaining: 5m 58s
Rendered 14/75, time remaining: 5m 53s
Rendered 15/75, time remaining: 5m 46s
Rendered 16/75, time remaining: 5m 25s
Rendered 17/75, time remaining: 5m 9s
Rendered 18/75, time remaining: 5m 2s
Rendered 19/75, time remaining: 4m 56s
Rendered 20/75, time remaining: 4m 37s
Rendered 21/75, time remaining: 4m 38s
Rendered 22/75, time remaining: 4m 29s
Rendered 23/75, time remaining: 4m 13s
Rendered 24/75, time remaining: 3m 58s
Rendered 25/75, time remaining: 4m 4s
Rendered 26/75, time remaining: 3m 50s
Rendered 27/75, time remaining: 3m 39s
Rendered 28/75, time remaining: 3m 33s
Rendered 29/75, time remaining: 3m 28s
Rendered 30/75, time remaining: 3m 17s
Rendered 31/75, time remaining: 3m 12s
Rendered 32/75, time remaining: 3m 3s
Rendered 33/75, time remaining: 2m 57s
Rendered 34/75, time remaining: 2m 48s
Rendered 35/75, time remaining: 2m 42s
Rendered 36/75, time remaining: 2m 35s
Rendered 37/75, time remaining: 2m 29s
Rendered 38/75, time remaining: 2m 22s
Rendered 39/75, time remaining: 2m 17s
Rendered 40/75, time remaining: 2m 10s
Rendered 41/75, time remaining: 2m 5s
Rendered 42/75, time remaining: 1m 59s
Rendered 43/75, time remaining: 1m 55s
Rendered 44/75, time remaining: 1m 49s
Rendered 45/75, time remaining: 1m 44s
Rendered 46/75, time remaining: 1m 39s
Rendered 47/75, time remaining: 1m 34s
Rendered 48/75, time remaining: 1m 29s
Rendered 49/75, time remaining: 1m 25s
Rendered 50/75, time remaining: 1m 20s
Rendered 51/75, time remaining: 1m 16s
Rendered 52/75, time remaining: 1m 12s
Rendered 53/75, time remaining: 1m 8s
Rendered 54/75, time remaining: 1m 4s
Rendered 55/75, time remaining: 1m 0s
Rendered 56/75, time remaining: 56s
Rendered 57/75, time remaining: 53s
Rendered 58/75, time remaining: 49s
Rendered 59/75, time remaining: 46s
Rendered 60/75, time remaining: 42s
Rendered 61/75, time remaining: 39s
Rendered 62/75, time remaining: 36s
Rendered 63/75, time remaining: 33s
Rendered 64/75, time remaining: 30s
Rendered 65/75, time remaining: 27s
Rendered 66/75, time remaining: 24s
Rendered 67/75, time remaining: 21s
Rendered 68/75, time remaining: 18s
Rendered 69/75, time remaining: 15s
Rendered 70/75, time remaining: 12s
Rendered 71/75, time remaining: 10s
Rendered 72/75, time remaining: 7s
Rendered 73/75, time remaining: 4s
Rendered 74/75, time remaining: 2s
Rendered 75/75
Encoded 3/75
Encoded 5/75
Encoded 18/75
Encoded 34/75
Encoded 55/75
Encoded 66/75
Encoded 75/75
+                    animations/verdant/Anim32-RehookSemiAuto.mp4 1.2 MB
