Bundling 6%
Bundling 24%
Bundling 38%
Bundling 51%
Bundling 65%
Bundling 70%
Bundling 75%
Bundling 80%
Bundling 85%
Bundling 91%
Bundling 98%
Bundling 100%
Getting composition
Composition          Anim45-EmailEnvoye
Codec                h264
Output               animations/verdant/Anim45-EmailEnvoye.mp4
Concurrency          4x
Rendered 0/75
Rendered 1/75, time remaining: 18m 43s
Rendered 2/75, time remaining: 18m 13s
Rendered 3/75, time remaining: 13m 46s
Rendered 4/75, time remaining: 12m 43s
Rendered 5/75, time remaining: 13m 17s
Rendered 6/75, time remaining: 13m 42s
Rendered 7/75, time remaining: 14m 29s
Rendered 8/75, time remaining: 13m 0s
Rendered 9/75, time remaining: 12m 17s
Rendered 10/75, time remaining: 11m 38s
Rendered 11/75, time remaining: 10m 44s
Rendered 12/75, time remaining: 10m 10s
Rendered 13/75, time remaining: 9m 23s
Rendered 14/75, time remaining: 9m 3s
Rendered 15/75, time remaining: 8m 33s
Rendered 16/75, time remaining: 8m 15s
Rendered 17/75, time remaining: 8m 1s
Rendered 18/75, time remaining: 7m 27s
Rendered 19/75, time remaining: 7m 7s
Rendered 20/75, time remaining: 6m 57s
Rendered 21/75, time remaining: 6m 49s
Rendered 22/75, time remaining: 6m 24s
Rendered 23/75, time remaining: 6m 8s
Rendered 24/75, time remaining: 6m 20s
Rendered 25/75, time remaining: 6m 0s
Rendered 26/75, time remaining: 5m 50s
Rendered 27/75, time remaining: 5m 32s
Rendered 28/75, time remaining: 5m 32s
Rendered 29/75, time remaining: 5m 14s
Rendered 30/75, time remaining: 5m 6s
Rendered 31/75, time remaining: 4m 52s
Rendered 32/75, time remaining: 4m 52s
Rendered 33/75, time remaining: 4m 42s
Rendered 34/75, time remaining: 4m 31s
Rendered 35/75, time remaining: 4m 27s
Rendered 36/75, time remaining: 4m 15s
Rendered 37/75, time remaining: 4m 6s
Rendered 38/75, time remaining: 3m 57s
Rendered 39/75, time remaining: 3m 53s
Rendered 40/75, time remaining: 3m 42s
Rendered 41/75, time remaining: 3m 33s
Rendered 42/75, time remaining: 3m 26s
Rendered 43/75, time remaining: 3m 21s
Rendered 44/75, time remaining: 3m 12s
Rendered 45/75, time remaining: 3m 3s
Rendered 46/75, time remaining: 3m 1s
Rendered 47/75, time remaining: 2m 51s
Rendered 48/75, time remaining: 2m 43s
Rendered 49/75, time remaining: 2m 35s
Rendered 50/75, time remaining: 2m 32s
Rendered 51/75, time remaining: 2m 23s
Rendered 52/75, time remaining: 2m 16s
Rendered 53/75, time remaining: 2m 10s
Rendered 54/75, time remaining: 2m 5s
Rendered 55/75, time remaining: 1m 57s
Rendered 56/75, time remaining: 1m 52s
Rendered 57/75, time remaining: 1m 45s
Rendered 58/75, time remaining: 1m 40s
Rendered 59/75, time remaining: 1m 34s
Rendered 60/75, time remaining: 1m 27s
Rendered 61/75, time remaining: 1m 22s
Rendered 62/75, time remaining: 1m 16s
Rendered 63/75, time remaining: 1m 10s
Rendered 64/75, time remaining: 1m 3s
Rendered 65/75, time remaining: 58s
Rendered 66/75, time remaining: 52s
Rendered 67/75, time remaining: 45s
Rendered 68/75, time remaining: 39s
Rendered 69/75, time remaining: 34s
Rendered 70/75, time remaining: 28s
Rendered 71/75, time remaining: 22s
Rendered 72/75, time remaining: 16s
Rendered 73/75, time remaining: 11s
Rendered 74/75, time remaining: 5s
Rendered 75/75
Encoded 1/75
Encoded 1/75
Encoded 3/75
Encoded 3/75
Encoded 3/75
Encoded 3/75
Encoded 3/75
Encoded 3/75
Encoded 3/75
Encoded 3/75
Encoded 4/75
Encoded 4/75
Encoded 8/75
Encoded 11/75
Encoded 16/75
Encoded 18/75
Encoded 18/75
Encoded 18/75
Encoded 25/75
Encoded 26/75
Encoded 30/75
Encoded 30/75
Encoded 33/75
Encoded 34/75
Encoded 38/75
Encoded 42/75
Encoded 45/75
Encoded 45/75
Encoded 53/75
Encoded 56/75
Encoded 57/75
Encoded 57/75
Encoded 62/75
Encoded 65/75
Encoded 65/75
Encoded 65/75
Encoded 65/75
Encoded 65/75
Encoded 65/75
Encoded 65/75
Encoded 65/75
Encoded 70/75
Encoded 75/75
+                    animations/verdant/Anim45-EmailEnvoye.mp4 1 MB
