Bundling 6%
Bundling 13%
Bundling 64%
Bundling 69%
Bundling 74%
Bundling 80%
Bundling 85%
Bundling 90%
Bundling 95%
Bundling 100%
<w> [webpack.cache.PackFileCacheStrategy] Caching failed for pack: Error: ENOENT: no such file or directory, rename '/Users/ibrahimkamara/yt-animations/node_modules/.cache/webpack/remotion-production-4.0.462/2c23024c16c471ec43657ab4d27e280c/1.pack_' -> '/Users/ibrahimkamara/yt-animations/node_modules/.cache/webpack/remotion-production-4.0.462/2c23024c16c471ec43657ab4d27e280c/1.pack'
Getting composition
Composition          Anim36-RehookBugCapture
Codec                h264
Output               animations/verdant/Anim36-RehookBugCapture.mp4
Concurrency          4x
Rendered 0/75
Rendered 1/75, time remaining: 12m 45s
Rendered 2/75, time remaining: 27m 24s
Rendered 3/75, time remaining: 26m 20s
Rendered 4/75, time remaining: 21m 11s
Rendered 5/75, time remaining: 19m 5s
Rendered 6/75, time remaining: 18m 17s
Rendered 7/75, time remaining: 15m 48s
Rendered 8/75, time remaining: 14m 23s
Rendered 9/75, time remaining: 13m 18s
Rendered 10/75, time remaining: 12m 41s
Rendered 11/75, time remaining: 11m 25s
Rendered 12/75, time remaining: 10m 41s
Rendered 13/75, time remaining: 10m 2s
Rendered 14/75, time remaining: 9m 21s
Rendered 15/75, time remaining: 8m 51s
Rendered 16/75, time remaining: 8m 12s
Rendered 17/75, time remaining: 7m 44s
Rendered 18/75, time remaining: 7m 16s
Rendered 19/75, time remaining: 6m 56s
Rendered 20/75, time remaining: 6m 29s
Rendered 21/75, time remaining: 6m 9s
Rendered 22/75, time remaining: 5m 51s
Rendered 23/75, time remaining: 5m 34s
Rendered 24/75, time remaining: 5m 16s
Rendered 25/75, time remaining: 5m 1s
Rendered 26/75, time remaining: 4m 47s
Rendered 27/75, time remaining: 4m 33s
Rendered 28/75, time remaining: 4m 21s
Rendered 29/75, time remaining: 4m 7s
Rendered 30/75, time remaining: 3m 56s
Rendered 31/75, time remaining: 3m 45s
Rendered 32/75, time remaining: 3m 35s
Rendered 33/75, time remaining: 3m 24s
Rendered 34/75, time remaining: 3m 16s
Rendered 35/75, time remaining: 3m 6s
Rendered 36/75, time remaining: 2m 59s
Rendered 37/75, time remaining: 2m 50s
Rendered 38/75, time remaining: 2m 42s
Rendered 39/75, time remaining: 2m 35s
Rendered 40/75, time remaining: 2m 28s
Rendered 41/75, time remaining: 2m 21s
Rendered 42/75, time remaining: 2m 14s
Rendered 43/75, time remaining: 2m 8s
Rendered 44/75, time remaining: 2m 3s
Rendered 45/75, time remaining: 1m 56s
Rendered 46/75, time remaining: 1m 50s
Rendered 47/75, time remaining: 1m 45s
Rendered 48/75, time remaining: 1m 40s
Rendered 49/75, time remaining: 1m 34s
Rendered 50/75, time remaining: 1m 29s
Rendered 51/75, time remaining: 1m 24s
Rendered 52/75, time remaining: 1m 20s
Rendered 53/75, time remaining: 1m 15s
Rendered 54/75, time remaining: 1m 10s
Rendered 55/75, time remaining: 1m 6s
Rendered 56/75, time remaining: 1m 2s
Rendered 57/75, time remaining: 57s
Rendered 58/75, time remaining: 53s
Rendered 59/75, time remaining: 49s
Rendered 60/75, time remaining: 46s
Rendered 61/75, time remaining: 42s
Rendered 62/75, time remaining: 38s
Rendered 63/75, time remaining: 35s
Rendered 64/75, time remaining: 31s
Rendered 65/75, time remaining: 28s
Rendered 66/75, time remaining: 25s
Rendered 67/75, time remaining: 22s
Rendered 68/75, time remaining: 19s
Rendered 69/75, time remaining: 16s
Rendered 70/75, time remaining: 13s
Rendered 71/75, time remaining: 10s
Rendered 72/75, time remaining: 7s
Rendered 73/75, time remaining: 5s
Rendered 74/75, time remaining: 2s
Rendered 75/75
Encoded 3/75
Encoded 6/75
Encoded 26/75
Encoded 42/75
Encoded 66/75
Encoded 75/75
+                    animations/verdant/Anim36-RehookBugCapture.mp4 1.2 MB
