Bundling 6%
Bundling 18%
Bundling 64%
Bundling 69%
Bundling 74%
Bundling 80%
Bundling 85%
Bundling 90%
Bundling 95%
Bundling 100%
Getting composition
Composition          Anim41-HighlightColEmails
Codec                h264
Output               animations/verdant/Anim41-HighlightColEmails.mp4
Concurrency          4x
Rendered 0/90
Rendered 1/90, time remaining: 5m 9s
Rendered 2/90, time remaining: 2m 35s
Rendered 3/90, time remaining: 1m 42s
Rendered 4/90, time remaining: 1m 20s
Rendered 5/90, time remaining: 1m 20s
Rendered 6/90, time remaining: 1m 6s
Rendered 7/90, time remaining: 55s
Rendered 8/90, time remaining: 58s
Rendered 9/90, time remaining: 59s
Rendered 10/90, time remaining: 52s
Rendered 11/90, time remaining: 47s
Rendered 12/90, time remaining: 46s
Rendered 13/90, time remaining: 46s
Rendered 14/90, time remaining: 42s
Rendered 15/90, time remaining: 39s
Rendered 16/90, time remaining: 41s
Rendered 17/90, time remaining: 41s
Rendered 18/90, time remaining: 38s
Rendered 19/90, time remaining: 36s
Rendered 20/90, time remaining: 35s
Rendered 21/90, time remaining: 35s
Rendered 22/90, time remaining: 33s
Rendered 23/90, time remaining: 31s
Rendered 24/90, time remaining: 30s
Rendered 25/90, time remaining: 29s
Rendered 26/90, time remaining: 28s
Rendered 27/90, time remaining: 27s
Rendered 28/90, time remaining: 27s
Rendered 29/90, time remaining: 25s
Rendered 30/90, time remaining: 25s
Rendered 31/90, time remaining: 24s
Rendered 32/90, time remaining: 23s
Rendered 33/90, time remaining: 22s
Rendered 34/90, time remaining: 21s
Rendered 35/90, time remaining: 21s
Rendered 36/90, time remaining: 20s
Rendered 37/90, time remaining: 19s
Rendered 38/90, time remaining: 19s
Rendered 39/90, time remaining: 19s
Rendered 40/90, time remaining: 18s
Rendered 41/90, time remaining: 17s
Rendered 42/90, time remaining: 17s
Rendered 43/90, time remaining: 16s
Rendered 44/90, time remaining: 15s
Rendered 45/90, time remaining: 15s
Rendered 46/90, time remaining: 15s
Rendered 47/90, time remaining: 14s
Rendered 48/90, time remaining: 13s
Rendered 49/90, time remaining: 13s
Rendered 50/90, time remaining: 13s
Rendered 51/90, time remaining: 12s
Rendered 52/90, time remaining: 12s
Rendered 53/90, time remaining: 11s
Rendered 54/90, time remaining: 11s
Rendered 55/90, time remaining: 11s
Rendered 56/90, time remaining: 10s
Rendered 57/90, time remaining: 10s
Rendered 58/90, time remaining: 10s
Rendered 59/90, time remaining: 9s
Rendered 60/90, time remaining: 9s
Rendered 61/90, time remaining: 8s
Rendered 62/90, time remaining: 8s
Rendered 63/90, time remaining: 8s
Rendered 64/90, time remaining: 7s
Rendered 65/90, time remaining: 7s
Rendered 66/90, time remaining: 7s
Rendered 67/90, time remaining: 6s
Rendered 68/90, time remaining: 6s
Rendered 69/90, time remaining: 6s
Rendered 70/90, time remaining: 5s
Rendered 71/90, time remaining: 5s
Rendered 72/90, time remaining: 5s
Rendered 73/90, time remaining: 4s
Rendered 74/90, time remaining: 4s
Rendered 75/90, time remaining: 4s
Rendered 76/90, time remaining: 3s
Rendered 77/90, time remaining: 3s
Rendered 78/90, time remaining: 3s
Rendered 79/90, time remaining: 3s
Rendered 80/90, time remaining: 2s
Rendered 81/90, time remaining: 2s
Rendered 82/90, time remaining: 2s
Rendered 83/90, time remaining: 1s
Rendered 84/90, time remaining: 1s
Rendered 85/90, time remaining: 1s
Rendered 86/90, time remaining: 1s
Rendered 87/90, time remaining: 0s
Rendered 88/90, time remaining: 0s
Rendered 89/90, time remaining: 0s
Rendered 90/90
Encoded 4/90
Encoded 8/90
Encoded 9/90
Encoded 12/90
Encoded 16/90
Encoded 22/90
Encoded 25/90
Encoded 26/90
Encoded 30/90
Encoded 35/90
Encoded 35/90
Encoded 40/90
Encoded 56/90
Encoded 63/90
Encoded 79/90
Encoded 87/90
Encoded 90/90
+                    animations/verdant/Anim41-HighlightColEmails.mp4 178 kB
