Bundling 6%
Bundling 24%
Bundling 38%
Bundling 51%
Bundling 65%
Bundling 70%
Bundling 75%
Bundling 80%
Bundling 85%
Bundling 91%
Bundling 98%
Bundling 100%
<w> [webpack.cache.PackFileCacheStrategy] Caching failed for pack: Error: ENOENT: no such file or directory, rename '/Users/ibrahimkamara/yt-animations/node_modules/.cache/webpack/remotion-production-4.0.462/2c23024c16c471ec43657ab4d27e280c/0.pack_' -> '/Users/ibrahimkamara/yt-animations/node_modules/.cache/webpack/remotion-production-4.0.462/2c23024c16c471ec43657ab4d27e280c/0.pack'
Getting composition
Composition          Anim44-RehookPersonnalise
Codec                h264
Output               animations/verdant/Anim44-RehookPersonnalise.mp4
Concurrency          4x
Rendered 0/75
Rendered 1/75, time remaining: 47m 20s
Rendered 2/75, time remaining: 1h 29m 56s
Rendered 3/75, time remaining: 1h 16m 3s
Rendered 4/75, time remaining: 1h 4m 41s
Rendered 5/75, time remaining: 57m 45s
Rendered 6/75, time remaining: 48m 25s
Rendered 7/75, time remaining: 42m 0s
Rendered 8/75, time remaining: 38m 32s
Rendered 9/75, time remaining: 34m 46s
Rendered 10/75, time remaining: 31m 34s
Rendered 11/75, time remaining: 29m 54s
Rendered 12/75, time remaining: 27m 7s
Rendered 13/75, time remaining: 26m 12s
Rendered 14/75, time remaining: 24m 0s
Rendered 15/75, time remaining: 22m 9s
Rendered 16/75, time remaining: 20m 46s
Rendered 17/75, time remaining: 19m 57s
Rendered 18/75, time remaining: 18m 34s
Rendered 19/75, time remaining: 17m 25s
Rendered 20/75, time remaining: 16m 53s
Rendered 21/75, time remaining: 15m 53s
Rendered 22/75, time remaining: 14m 54s
Rendered 23/75, time remaining: 14m 6s
Rendered 24/75, time remaining: 13m 43s
Rendered 25/75, time remaining: 13m 2s
Rendered 26/75, time remaining: 12m 17s
Rendered 27/75, time remaining: 11m 39s
Rendered 28/75, time remaining: 11m 19s
Rendered 29/75, time remaining: 10m 47s
Rendered 30/75, time remaining: 10m 12s
Rendered 31/75, time remaining: 9m 40s
Rendered 32/75, time remaining: 9m 24s
Rendered 33/75, time remaining: 8m 59s
Rendered 34/75, time remaining: 8m 31s
Rendered 35/75, time remaining: 8m 5s
Rendered 36/75, time remaining: 7m 51s
Rendered 37/75, time remaining: 7m 30s
Rendered 38/75, time remaining: 7m 7s
Rendered 39/75, time remaining: 6m 46s
Rendered 40/75, time remaining: 6m 34s
Rendered 41/75, time remaining: 6m 16s
Rendered 42/75, time remaining: 5m 57s
Rendered 43/75, time remaining: 5m 39s
Rendered 44/75, time remaining: 5m 27s
Rendered 45/75, time remaining: 5m 12s
Rendered 46/75, time remaining: 4m 55s
Rendered 47/75, time remaining: 4m 39s
Rendered 48/75, time remaining: 4m 30s
Rendered 49/75, time remaining: 4m 16s
Rendered 50/75, time remaining: 4m 1s
Rendered 51/75, time remaining: 3m 47s
Rendered 52/75, time remaining: 3m 37s
Rendered 53/75, time remaining: 3m 25s
Rendered 54/75, time remaining: 3m 12s
Rendered 55/75, time remaining: 2m 59s
Rendered 56/75, time remaining: 2m 49s
Rendered 57/75, time remaining: 2m 38s
Rendered 58/75, time remaining: 2m 27s
Rendered 59/75, time remaining: 2m 16s
Rendered 60/75, time remaining: 2m 6s
Rendered 61/75, time remaining: 1m 56s
Rendered 62/75, time remaining: 1m 46s
Rendered 63/75, time remaining: 1m 36s
Rendered 64/75, time remaining: 1m 27s
Rendered 65/75, time remaining: 1m 18s
Rendered 66/75, time remaining: 1m 9s
Rendered 67/75, time remaining: 1m 1s
Rendered 68/75, time remaining: 52s
Rendered 69/75, time remaining: 44s
Rendered 70/75, time remaining: 36s
Rendered 71/75, time remaining: 28s
Rendered 72/75, time remaining: 21s
Rendered 73/75, time remaining: 14s
Rendered 74/75, time remaining: 6s
Rendered 75/75
Encoded 1/75
Encoded 1/75
Encoded 3/75
Encoded 3/75
Encoded 3/75
Encoded 4/75
Encoded 6/75
Encoded 8/75
Encoded 18/75
Encoded 21/75
Encoded 30/75
Encoded 30/75
Encoded 38/75
Encoded 42/75
Encoded 54/75
Encoded 54/75
Encoded 66/75
Encoded 66/75
Encoded 66/75
Encoded 75/75
+                    animations/verdant/Anim44-RehookPersonnalise.mp4 1.2 MB
