Bundling 6%
Bundling 24%
Bundling 38%
Bundling 51%
Bundling 65%
Bundling 70%
Bundling 75%
Bundling 80%
Bundling 85%
Bundling 91%
Bundling 98%
Bundling 100%
<w> [webpack.cache.PackFileCacheStrategy] Caching failed for pack: Error: ENOENT: no such file or directory, rename '/Users/ibrahimkamara/yt-animations/node_modules/.cache/webpack/remotion-production-4.0.462/2c23024c16c471ec43657ab4d27e280c/0.pack_' -> '/Users/ibrahimkamara/yt-animations/node_modules/.cache/webpack/remotion-production-4.0.462/2c23024c16c471ec43657ab4d27e280c/0.pack'
Getting composition
Composition          Anim24-TransitionP2
Codec                h264
Output               animations/verdant/Anim24-TransitionP2.mp4
Concurrency          4x
Rendered 0/90
Rendered 1/90, time remaining: 14m 57s
Rendered 2/90, time remaining: 7m 53s
Rendered 3/90, time remaining: 5m 16s
Rendered 4/90, time remaining: 3m 54s
Rendered 5/90, time remaining: 3m 52s
Rendered 6/90, time remaining: 3m 32s
Rendered 7/90, time remaining: 3m 3s
Rendered 8/90, time remaining: 3m 17s
Rendered 9/90, time remaining: 3m 7s
Rendered 10/90, time remaining: 3m 17s
Rendered 11/90, time remaining: 3m 3s
Rendered 12/90, time remaining: 3m 27s
Rendered 13/90, time remaining: 4m 12s
Rendered 14/90, time remaining: 4m 14s
Rendered 15/90, time remaining: 4m 1s
Rendered 16/90, time remaining: 3m 43s
Rendered 17/90, time remaining: 4m 6s
Rendered 18/90, time remaining: 4m 4s
Rendered 19/90, time remaining: 3m 50s
Rendered 20/90, time remaining: 3m 36s
Rendered 21/90, time remaining: 3m 53s
Rendered 22/90, time remaining: 3m 51s
Rendered 23/90, time remaining: 3m 39s
Rendered 24/90, time remaining: 3m 43s
Rendered 25/90, time remaining: 3m 51s
Rendered 26/90, time remaining: 3m 39s
Rendered 27/90, time remaining: 3m 32s
Rendered 28/90, time remaining: 3m 32s
Rendered 29/90, time remaining: 3m 43s
Rendered 30/90, time remaining: 3m 32s
Rendered 31/90, time remaining: 3m 27s
Rendered 32/90, time remaining: 3m 28s
Rendered 33/90, time remaining: 3m 39s
Rendered 34/90, time remaining: 3m 29s
Rendered 35/90, time remaining: 3m 26s
Rendered 36/90, time remaining: 3m 35s
Rendered 37/90, time remaining: 3m 27s
Rendered 38/90, time remaining: 3m 18s
Rendered 39/90, time remaining: 3m 12s
Rendered 40/90, time remaining: 3m 16s
Rendered 41/90, time remaining: 3m 8s
Rendered 42/90, time remaining: 3m 1s
Rendered 43/90, time remaining: 2m 55s
Rendered 44/90, time remaining: 2m 54s
Rendered 45/90, time remaining: 2m 47s
Rendered 46/90, time remaining: 2m 43s
Rendered 47/90, time remaining: 2m 38s
Rendered 48/90, time remaining: 2m 34s
Rendered 49/90, time remaining: 2m 27s
Rendered 50/90, time remaining: 2m 23s
Rendered 51/90, time remaining: 2m 18s
Rendered 52/90, time remaining: 2m 14s
Rendered 53/90, time remaining: 2m 9s
Rendered 54/90, time remaining: 2m 5s
Rendered 55/90, time remaining: 2m 0s
Rendered 56/90, time remaining: 1m 57s
Rendered 57/90, time remaining: 1m 52s
Rendered 58/90, time remaining: 1m 47s
Rendered 59/90, time remaining: 1m 43s
Rendered 60/90, time remaining: 1m 41s
Rendered 61/90, time remaining: 1m 37s
Rendered 62/90, time remaining: 1m 32s
Rendered 63/90, time remaining: 1m 28s
Rendered 64/90, time remaining: 1m 25s
Rendered 65/90, time remaining: 1m 21s
Rendered 66/90, time remaining: 1m 17s
Rendered 67/90, time remaining: 1m 14s
Rendered 68/90, time remaining: 1m 10s
Rendered 69/90, time remaining: 1m 7s
Rendered 70/90, time remaining: 1m 3s
Rendered 71/90, time remaining: 1m 0s
Rendered 72/90, time remaining: 56s
Rendered 73/90, time remaining: 53s
Rendered 74/90, time remaining: 49s
Rendered 75/90, time remaining: 46s
Rendered 76/90, time remaining: 43s
Rendered 77/90, time remaining: 40s
Rendered 78/90, time remaining: 36s
Rendered 79/90, time remaining: 33s
Rendered 80/90, time remaining: 30s
Rendered 81/90, time remaining: 27s
Rendered 82/90, time remaining: 23s
Rendered 83/90, time remaining: 21s
Rendered 84/90, time remaining: 17s
Rendered 85/90, time remaining: 14s
Rendered 86/90, time remaining: 11s
Rendered 87/90, time remaining: 8s
Rendered 88/90, time remaining: 5s
Rendered 89/90, time remaining: 2s
Rendered 90/90
Encoded 1/90
Encoded 2/90
Encoded 2/90
Encoded 4/90
Encoded 4/90
Encoded 4/90
Encoded 8/90
Encoded 8/90
Encoded 12/90
Encoded 13/90
Encoded 16/90
Encoded 16/90
Encoded 16/90
Encoded 20/90
Encoded 20/90
Encoded 20/90
Encoded 24/90
Encoded 28/90
Encoded 28/90
Encoded 28/90
Encoded 32/90
Encoded 32/90
Encoded 32/90
Encoded 32/90
Encoded 37/90
Encoded 40/90
Encoded 40/90
Encoded 40/90
Encoded 44/90
Encoded 44/90
Encoded 44/90
Encoded 45/90
Encoded 52/90
Encoded 52/90
Encoded 52/90
Encoded 56/90
Encoded 56/90
Encoded 56/90
Encoded 56/90
Encoded 60/90
Encoded 60/90
Encoded 64/90
Encoded 65/90
Encoded 68/90
Encoded 68/90
Encoded 72/90
Encoded 72/90
Encoded 72/90
Encoded 73/90
Encoded 80/90
Encoded 86/90
Encoded 90/90
+                    animations/verdant/Anim24-TransitionP2.mp4 822.3 kB
