Bundling 6%
Bundling 24%
Bundling 38%
Bundling 51%
Bundling 65%
Bundling 70%
Bundling 75%
Bundling 80%
Bundling 85%
Bundling 91%
Bundling 98%
Bundling 100%
Getting composition
Composition          Anim22-ToutAutomatise
Codec                h264
Output               animations/verdant/Anim22-ToutAutomatise.mp4
Concurrency          4x
Rendered 0/60
Rendered 1/60, time remaining: 2m 16s
Rendered 2/60, time remaining: 7m 41s
Rendered 3/60, time remaining: 11m 25s
Rendered 4/60, time remaining: 13m 10s
Rendered 5/60, time remaining: 10m 37s
Rendered 6/60, time remaining: 10m 38s
Rendered 7/60, time remaining: 10m 4s
Rendered 8/60, time remaining: 8m 45s
Rendered 9/60, time remaining: 8m 26s
Rendered 10/60, time remaining: 9m 33s
Rendered 11/60, time remaining: 8m 41s
Rendered 12/60, time remaining: 8m 24s
Rendered 13/60, time remaining: 8m 22s
Rendered 14/60, time remaining: 7m 42s
Rendered 15/60, time remaining: 7m 20s
Rendered 16/60, time remaining: 7m 6s
Rendered 17/60, time remaining: 6m 44s
Rendered 18/60, time remaining: 6m 15s
Rendered 19/60, time remaining: 5m 50s
Rendered 20/60, time remaining: 5m 35s
Rendered 21/60, time remaining: 5m 19s
Rendered 22/60, time remaining: 4m 59s
Rendered 23/60, time remaining: 4m 47s
Rendered 24/60, time remaining: 4m 29s
Rendered 25/60, time remaining: 4m 16s
Rendered 26/60, time remaining: 4m 0s
Rendered 27/60, time remaining: 3m 51s
Rendered 28/60, time remaining: 3m 37s
Rendered 29/60, time remaining: 3m 27s
Rendered 30/60, time remaining: 3m 14s
Rendered 31/60, time remaining: 3m 6s
Rendered 32/60, time remaining: 2m 55s
Rendered 33/60, time remaining: 2m 46s
Rendered 34/60, time remaining: 2m 36s
Rendered 35/60, time remaining: 2m 29s
Rendered 36/60, time remaining: 2m 20s
Rendered 37/60, time remaining: 2m 12s
Rendered 38/60, time remaining: 2m 7s
Rendered 39/60, time remaining: 1m 58s
Rendered 40/60, time remaining: 1m 50s
Rendered 41/60, time remaining: 1m 43s
Rendered 42/60, time remaining: 1m 38s
Rendered 43/60, time remaining: 1m 31s
Rendered 44/60, time remaining: 1m 24s
Rendered 45/60, time remaining: 1m 17s
Rendered 46/60, time remaining: 1m 13s
Rendered 47/60, time remaining: 1m 6s
Rendered 48/60, time remaining: 1m 0s
Rendered 49/60, time remaining: 54s
Rendered 50/60, time remaining: 49s
Rendered 51/60, time remaining: 44s
Rendered 52/60, time remaining: 38s
Rendered 53/60, time remaining: 33s
Rendered 54/60, time remaining: 28s
Rendered 55/60, time remaining: 23s
Rendered 56/60, time remaining: 18s
Rendered 57/60, time remaining: 13s
Rendered 58/60, time remaining: 9s
Rendered 59/60, time remaining: 4s
Rendered 60/60
Encoded 2/60
Encoded 2/60
Encoded 2/60
Encoded 2/60
Encoded 2/60
Encoded 2/60
Encoded 3/60
Encoded 3/60
Encoded 3/60
Encoded 3/60
Encoded 3/60
Encoded 3/60
Encoded 3/60
Encoded 4/60
Encoded 4/60
Encoded 4/60
Encoded 4/60
Encoded 7/60
Encoded 10/60
Encoded 12/60
Encoded 14/60
Encoded 18/60
Encoded 18/60
Encoded 18/60
Encoded 18/60
Encoded 18/60
Encoded 22/60
Encoded 23/60
Encoded 26/60
Encoded 30/60
Encoded 38/60
Encoded 50/60
Encoded 50/60
Encoded 60/60
+                    animations/verdant/Anim22-ToutAutomatise.mp4 878.8 kB
