Bundling 6%
Bundling 19%
Bundling 64%
Bundling 69%
Bundling 74%
Bundling 80%
Bundling 85%
Bundling 90%
Bundling 95%
Bundling 100%
Getting composition
Composition          Anim43-HighlightVariables
Codec                h264
Output               animations/verdant/Anim43-HighlightVariables.mp4
Concurrency          4x
Rendered 0/90
Rendered 1/90, time remaining: 1m 2s
Rendered 2/90, time remaining: 33s
Rendered 3/90, time remaining: 22s
Rendered 4/90, time remaining: 20s
Rendered 5/90, time remaining: 18s
Rendered 6/90, time remaining: 15s
Rendered 7/90, time remaining: 12s
Rendered 8/90, time remaining: 12s
Rendered 9/90, time remaining: 11s
Rendered 10/90, time remaining: 10s
Rendered 11/90, time remaining: 9s
Rendered 12/90, time remaining: 9s
Rendered 13/90, time remaining: 10s
Rendered 14/90, time remaining: 13s
Rendered 15/90, time remaining: 13s
Rendered 16/90, time remaining: 13s
Rendered 17/90, time remaining: 15s
Rendered 18/90, time remaining: 15s
Rendered 19/90, time remaining: 15s
Rendered 20/90, time remaining: 14s
Rendered 21/90, time remaining: 15s
Rendered 22/90, time remaining: 15s
Rendered 23/90, time remaining: 15s
Rendered 24/90, time remaining: 16s
Rendered 25/90, time remaining: 17s
Rendered 26/90, time remaining: 16s
Rendered 27/90, time remaining: 16s
Rendered 28/90, time remaining: 15s
Rendered 29/90, time remaining: 16s
Rendered 30/90, time remaining: 15s
Rendered 31/90, time remaining: 15s
Rendered 32/90, time remaining: 15s
Rendered 33/90, time remaining: 16s
Rendered 34/90, time remaining: 15s
Rendered 35/90, time remaining: 15s
Rendered 36/90, time remaining: 15s
Rendered 37/90, time remaining: 15s
Rendered 38/90, time remaining: 15s
Rendered 39/90, time remaining: 14s
Rendered 40/90, time remaining: 14s
Rendered 41/90, time remaining: 14s
Rendered 42/90, time remaining: 13s
Rendered 43/90, time remaining: 13s
Rendered 44/90, time remaining: 12s
Rendered 45/90, time remaining: 12s
Rendered 46/90, time remaining: 11s
Rendered 47/90, time remaining: 11s
Rendered 48/90, time remaining: 11s
Rendered 49/90, time remaining: 11s
Rendered 50/90, time remaining: 10s
Rendered 51/90, time remaining: 10s
Rendered 52/90, time remaining: 10s
Rendered 53/90, time remaining: 9s
Rendered 54/90, time remaining: 9s
Rendered 55/90, time remaining: 9s
Rendered 56/90, time remaining: 8s
Rendered 57/90, time remaining: 8s
Rendered 58/90, time remaining: 8s
Rendered 59/90, time remaining: 8s
Rendered 60/90, time remaining: 7s
Rendered 61/90, time remaining: 7s
Rendered 62/90, time remaining: 7s
Rendered 63/90, time remaining: 7s
Rendered 64/90, time remaining: 6s
Rendered 65/90, time remaining: 6s
Rendered 66/90, time remaining: 6s
Rendered 67/90, time remaining: 6s
Rendered 68/90, time remaining: 5s
Rendered 69/90, time remaining: 5s
Rendered 70/90, time remaining: 5s
Rendered 71/90, time remaining: 4s
Rendered 72/90, time remaining: 4s
Rendered 73/90, time remaining: 4s
Rendered 74/90, time remaining: 3s
Rendered 75/90, time remaining: 3s
Rendered 76/90, time remaining: 3s
Rendered 77/90, time remaining: 3s
Rendered 78/90, time remaining: 3s
Rendered 79/90, time remaining: 2s
Rendered 80/90, time remaining: 2s
Rendered 81/90, time remaining: 2s
Rendered 82/90, time remaining: 1s
Rendered 83/90, time remaining: 1s
Rendered 84/90, time remaining: 1s
Rendered 85/90, time remaining: 1s
Rendered 86/90, time remaining: 0s
Rendered 87/90, time remaining: 0s
Rendered 88/90, time remaining: 0s
Rendered 89/90, time remaining: 0s
Rendered 90/90
Encoded 3/90
Encoded 7/90
Encoded 15/90
Encoded 22/90
Encoded 31/90
Encoded 31/90
Encoded 35/90
Encoded 35/90
Encoded 39/90
Encoded 52/90
Encoded 58/90
Encoded 66/90
Encoded 70/90
Encoded 82/90
Encoded 90/90
Encoded 90/90
+                    animations/verdant/Anim43-HighlightVariables.mp4 175.9 kB
