Bundling 6%
Bundling 18%
Bundling 64%
Bundling 69%
Bundling 74%
Bundling 80%
Bundling 85%
Bundling 90%
Bundling 95%
Bundling 100%
Getting composition
Composition          Anim18-ApolloPrice
Codec                h264
Output               animations/verdant/Anim18-ApolloPrice.mp4
Concurrency          4x
Rendered 0/90
Rendered 1/90, time remaining: 1m 52s
Rendered 2/90, time remaining: 1m 3s
Rendered 3/90, time remaining: 45s
Rendered 4/90, time remaining: 41s
Rendered 5/90, time remaining: 40s
Rendered 6/90, time remaining: 46s
Rendered 7/90, time remaining: 55s
Rendered 8/90, time remaining: 49s
Rendered 9/90, time remaining: 1m 23s
Rendered 10/90, time remaining: 1m 20s
Rendered 11/90, time remaining: 1m 26s
Rendered 12/90, time remaining: 1m 20s
Rendered 13/90, time remaining: 1m 36s
Rendered 14/90, time remaining: 1m 46s
Rendered 15/90, time remaining: 1m 44s
Rendered 16/90, time remaining: 1m 40s
Rendered 17/90, time remaining: 1m 49s
Rendered 18/90, time remaining: 1m 50s
Rendered 19/90, time remaining: 1m 54s
Rendered 20/90, time remaining: 1m 47s
Rendered 21/90, time remaining: 1m 50s
Rendered 22/90, time remaining: 1m 49s
Rendered 23/90, time remaining: 1m 52s
Rendered 24/90, time remaining: 1m 46s
Rendered 25/90, time remaining: 1m 47s
Rendered 26/90, time remaining: 1m 46s
Rendered 27/90, time remaining: 1m 48s
Rendered 28/90, time remaining: 1m 43s
Rendered 29/90, time remaining: 1m 44s
Rendered 30/90, time remaining: 1m 40s
Rendered 31/90, time remaining: 1m 43s
Rendered 32/90, time remaining: 1m 42s
Rendered 33/90, time remaining: 1m 39s
Rendered 34/90, time remaining: 1m 35s
Rendered 35/90, time remaining: 1m 36s
Rendered 36/90, time remaining: 1m 37s
Rendered 37/90, time remaining: 1m 33s
Rendered 38/90, time remaining: 1m 30s
Rendered 39/90, time remaining: 1m 31s
Rendered 40/90, time remaining: 1m 35s
Rendered 41/90, time remaining: 1m 31s
Rendered 42/90, time remaining: 1m 28s
Rendered 43/90, time remaining: 1m 27s
Rendered 44/90, time remaining: 1m 29s
Rendered 45/90, time remaining: 1m 25s
Rendered 46/90, time remaining: 1m 22s
Rendered 47/90, time remaining: 1m 20s
Rendered 48/90, time remaining: 1m 21s
Rendered 49/90, time remaining: 1m 18s
Rendered 50/90, time remaining: 1m 15s
Rendered 51/90, time remaining: 1m 13s
Rendered 52/90, time remaining: 1m 13s
Rendered 53/90, time remaining: 1m 11s
Rendered 54/90, time remaining: 1m 8s
Rendered 55/90, time remaining: 1m 6s
Rendered 56/90, time remaining: 1m 8s
Rendered 57/90, time remaining: 1m 5s
Rendered 58/90, time remaining: 1m 3s
Rendered 59/90, time remaining: 1m 12s
Rendered 60/90, time remaining: 1m 20s
Rendered 61/90, time remaining: 1m 16s
Rendered 62/90, time remaining: 1m 13s
Rendered 63/90, time remaining: 1m 21s
Rendered 64/90, time remaining: 1m 27s
Rendered 65/90, time remaining: 1m 22s
Rendered 66/90, time remaining: 1m 19s
Rendered 67/90, time remaining: 1m 25s
Rendered 68/90, time remaining: 1m 24s
Rendered 69/90, time remaining: 1m 19s
Rendered 70/90, time remaining: 1m 14s
Rendered 71/90, time remaining: 1m 14s
Rendered 72/90, time remaining: 1m 12s
Rendered 73/90, time remaining: 1m 8s
Rendered 74/90, time remaining: 1m 5s
Rendered 75/90, time remaining: 1m 1s
Rendered 76/90, time remaining: 58s
Rendered 77/90, time remaining: 53s
Rendered 78/90, time remaining: 49s
Rendered 79/90, time remaining: 44s
Rendered 80/90, time remaining: 40s
Rendered 81/90, time remaining: 36s
Rendered 82/90, time remaining: 32s
Rendered 83/90, time remaining: 28s
Rendered 84/90, time remaining: 24s
Rendered 85/90, time remaining: 19s
Rendered 86/90, time remaining: 15s
Rendered 87/90, time remaining: 11s
Rendered 88/90, time remaining: 7s
Rendered 89/90, time remaining: 3s
Rendered 90/90
Encoded 1/90
Encoded 1/90
Encoded 1/90
Encoded 5/90
Encoded 5/90
Encoded 7/90
Encoded 11/90
Encoded 15/90
Encoded 17/90
Encoded 18/90
Encoded 19/90
Encoded 19/90
Encoded 22/90
Encoded 26/90
Encoded 26/90
Encoded 30/90
Encoded 31/90
Encoded 34/90
Encoded 34/90
Encoded 38/90
Encoded 38/90
Encoded 46/90
Encoded 46/90
Encoded 46/90
Encoded 50/90
Encoded 54/90
Encoded 58/90
Encoded 58/90
Encoded 63/90
Encoded 66/90
Encoded 70/90
Encoded 70/90
Encoded 70/90
Encoded 74/90
Encoded 75/90
Encoded 76/90
Encoded 82/90
Encoded 82/90
Encoded 83/90
Encoded 86/90
Encoded 90/90
+                    animations/verdant/Anim18-ApolloPrice.mp4 823.8 kB
