Bundling 6%
Bundling 16%
Bundling 64%
Bundling 69%
Bundling 74%
Bundling 80%
Bundling 85%
Bundling 90%
Bundling 95%
Bundling 100%
<w> [webpack.cache.PackFileCacheStrategy] Caching failed for pack: Error: ENOENT: no such file or directory, rename '/Users/ibrahimkamara/yt-animations/node_modules/.cache/webpack/remotion-production-4.0.462/2c23024c16c471ec43657ab4d27e280c/4.pack_' -> '/Users/ibrahimkamara/yt-animations/node_modules/.cache/webpack/remotion-production-4.0.462/2c23024c16c471ec43657ab4d27e280c/4.pack'
Getting composition
Composition          Anim01-TextIA
Codec                h264
Output               animations/verdant/Anim01-TextIA.mp4
Concurrency          4x
Rendered 0/75
Rendered 1/75, time remaining: 1h 53m 49s
Rendered 2/75, time remaining: 1h 40m 49s
Rendered 3/75, time remaining: 1h 16m 39s
Rendered 4/75, time remaining: 1h 6m 20s
Rendered 5/75, time remaining: 58m 13s
Rendered 6/75, time remaining: 49m 36s
Rendered 7/75, time remaining: 43m 58s
Rendered 8/75, time remaining: 38m 25s
Rendered 9/75, time remaining: 34m 27s
Rendered 10/75, time remaining: 32m 1s
Rendered 11/75, time remaining: 29m 50s
Rendered 12/75, time remaining: 27m 43s
Rendered 13/75, time remaining: 25m 28s
Rendered 14/75, time remaining: 24m 11s
Rendered 15/75, time remaining: 23m 20s
Rendered 16/75, time remaining: 21m 46s
Rendered 17/75, time remaining: 20m 28s
Rendered 18/75, time remaining: 19m 39s
Rendered 19/75, time remaining: 19m 4s
Rendered 20/75, time remaining: 18m 0s
Rendered 21/75, time remaining: 17m 2s
Rendered 22/75, time remaining: 16m 34s
Rendered 23/75, time remaining: 15m 41s
Rendered 24/75, time remaining: 15m 10s
Rendered 25/75, time remaining: 14m 37s
Rendered 26/75, time remaining: 14m 15s
Rendered 27/75, time remaining: 13m 34s
Rendered 28/75, time remaining: 13m 5s
Rendered 29/75, time remaining: 12m 35s
Rendered 30/75, time remaining: 11m 59s
Rendered 31/75, time remaining: 11m 25s
Rendered 32/75, time remaining: 10m 58s
Rendered 33/75, time remaining: 10m 41s
Rendered 34/75, time remaining: 10m 12s
Rendered 35/75, time remaining: 9m 41s
Rendered 36/75, time remaining: 9m 14s
Rendered 37/75, time remaining: 9m 1s
Rendered 38/75, time remaining: 8m 34s
Rendered 39/75, time remaining: 8m 15s
Rendered 40/75, time remaining: 7m 53s
Rendered 41/75, time remaining: 7m 32s
Rendered 42/75, time remaining: 7m 10s
Rendered 43/75, time remaining: 6m 53s
Rendered 44/75, time remaining: 6m 35s
Rendered 45/75, time remaining: 6m 16s
Rendered 46/75, time remaining: 5m 56s
Rendered 47/75, time remaining: 5m 41s
Rendered 48/75, time remaining: 5m 24s
Rendered 49/75, time remaining: 5m 7s
Rendered 50/75, time remaining: 4m 50s
Rendered 51/75, time remaining: 4m 37s
Rendered 52/75, time remaining: 4m 22s
Rendered 53/75, time remaining: 4m 7s
Rendered 54/75, time remaining: 3m 52s
Rendered 55/75, time remaining: 3m 39s
Rendered 56/75, time remaining: 3m 25s
Rendered 57/75, time remaining: 3m 11s
Rendered 58/75, time remaining: 2m 58s
Rendered 59/75, time remaining: 2m 46s
Rendered 60/75, time remaining: 2m 33s
Rendered 61/75, time remaining: 2m 21s
Rendered 62/75, time remaining: 2m 9s
Rendered 63/75, time remaining: 1m 58s
Rendered 64/75, time remaining: 1m 46s
Rendered 65/75, time remaining: 1m 35s
Rendered 66/75, time remaining: 1m 24s
Rendered 67/75, time remaining: 1m 14s
Rendered 68/75, time remaining: 1m 4s
Rendered 69/75, time remaining: 54s
Rendered 70/75, time remaining: 44s
Rendered 71/75, time remaining: 35s
Rendered 72/75, time remaining: 26s
Rendered 73/75, time remaining: 17s
Rendered 74/75, time remaining: 8s
Rendered 75/75
Encoded 1/75
Encoded 1/75
Encoded 3/75
Encoded 3/75
Encoded 3/75
Encoded 3/75
Encoded 3/75
Encoded 4/75
Encoded 7/75
Encoded 18/75
Encoded 18/75
Encoded 30/75
Encoded 34/75
Encoded 42/75
Encoded 54/75
Encoded 59/75
Encoded 66/75
Encoded 66/75
Encoded 75/75
+                    animations/verdant/Anim01-TextIA.mp4 1.3 MB
