Bundling 6%
Bundling 24%
Bundling 38%
Bundling 51%
Bundling 65%
Bundling 70%
Bundling 75%
Bundling 80%
Bundling 85%
Bundling 91%
Bundling 98%
Bundling 100%
<w> [webpack.cache.PackFileCacheStrategy] Caching failed for pack: Error: ENOENT: no such file or directory, rename '/Users/ibrahimkamara/yt-animations/node_modules/.cache/webpack/remotion-production-4.0.462/2c23024c16c471ec43657ab4d27e280c/0.pack_' -> '/Users/ibrahimkamara/yt-animations/node_modules/.cache/webpack/remotion-production-4.0.462/2c23024c16c471ec43657ab4d27e280c/0.pack'
Getting composition
Composition          Anim46-TransitionP3
Codec                h264
Output               animations/verdant/Anim46-TransitionP3.mp4
Concurrency          4x
Rendered 0/90
Rendered 1/90, time remaining: 47m 26s
Rendered 2/90, time remaining: 23m 33s
Rendered 3/90, time remaining: 16m 18s
Rendered 4/90, time remaining: 12m 12s
Rendered 5/90, time remaining: 13m 36s
Rendered 6/90, time remaining: 12m 44s
Rendered 7/90, time remaining: 10m 49s
Rendered 8/90, time remaining: 9m 42s
Rendered 9/90, time remaining: 10m 43s
Rendered 10/90, time remaining: 10m 6s
Rendered 11/90, time remaining: 9m 8s
Rendered 12/90, time remaining: 8m 27s
Rendered 13/90, time remaining: 8m 52s
Rendered 14/90, time remaining: 8m 9s
Rendered 15/90, time remaining: 7m 35s
Rendered 16/90, time remaining: 7m 5s
Rendered 17/90, time remaining: 7m 26s
Rendered 18/90, time remaining: 6m 58s
Rendered 19/90, time remaining: 6m 30s
Rendered 20/90, time remaining: 6m 11s
Rendered 21/90, time remaining: 6m 27s
Rendered 22/90, time remaining: 6m 5s
Rendered 23/90, time remaining: 5m 50s
Rendered 24/90, time remaining: 5m 43s
Rendered 25/90, time remaining: 5m 44s
Rendered 26/90, time remaining: 5m 32s
Rendered 27/90, time remaining: 5m 22s
Rendered 28/90, time remaining: 5m 8s
Rendered 29/90, time remaining: 5m 8s
Rendered 30/90, time remaining: 5m 5s
Rendered 31/90, time remaining: 4m 53s
Rendered 32/90, time remaining: 4m 43s
Rendered 33/90, time remaining: 4m 37s
Rendered 34/90, time remaining: 4m 34s
Rendered 35/90, time remaining: 4m 22s
Rendered 36/90, time remaining: 4m 15s
Rendered 37/90, time remaining: 4m 20s
Rendered 38/90, time remaining: 4m 9s
Rendered 39/90, time remaining: 4m 1s
Rendered 40/90, time remaining: 3m 54s
Rendered 41/90, time remaining: 3m 55s
Rendered 42/90, time remaining: 3m 45s
Rendered 43/90, time remaining: 3m 37s
Rendered 44/90, time remaining: 3m 32s
Rendered 45/90, time remaining: 3m 32s
Rendered 46/90, time remaining: 3m 24s
Rendered 47/90, time remaining: 3m 18s
Rendered 48/90, time remaining: 3m 11s
Rendered 49/90, time remaining: 3m 10s
Rendered 50/90, time remaining: 3m 2s
Rendered 51/90, time remaining: 2m 59s
Rendered 52/90, time remaining: 2m 55s
Rendered 53/90, time remaining: 2m 49s
Rendered 54/90, time remaining: 2m 41s
Rendered 55/90, time remaining: 2m 38s
Rendered 56/90, time remaining: 2m 34s
Rendered 57/90, time remaining: 2m 28s
Rendered 58/90, time remaining: 2m 22s
Rendered 59/90, time remaining: 2m 18s
Rendered 60/90, time remaining: 2m 13s
Rendered 61/90, time remaining: 2m 8s
Rendered 62/90, time remaining: 2m 2s
Rendered 63/90, time remaining: 1m 59s
Rendered 64/90, time remaining: 1m 55s
Rendered 65/90, time remaining: 1m 49s
Rendered 66/90, time remaining: 1m 44s
Rendered 67/90, time remaining: 1m 40s
Rendered 68/90, time remaining: 1m 36s
Rendered 69/90, time remaining: 1m 31s
Rendered 70/90, time remaining: 1m 27s
Rendered 71/90, time remaining: 1m 22s
Rendered 72/90, time remaining: 1m 18s
Rendered 73/90, time remaining: 1m 12s
Rendered 74/90, time remaining: 1m 9s
Rendered 75/90, time remaining: 1m 4s
Rendered 76/90, time remaining: 1m 0s
Rendered 77/90, time remaining: 55s
Rendered 78/90, time remaining: 51s
Rendered 79/90, time remaining: 46s
Rendered 80/90, time remaining: 43s
Rendered 81/90, time remaining: 38s
Rendered 82/90, time remaining: 33s
Rendered 83/90, time remaining: 29s
Rendered 84/90, time remaining: 25s
Rendered 85/90, time remaining: 21s
Rendered 86/90, time remaining: 16s
Rendered 87/90, time remaining: 12s
Rendered 88/90, time remaining: 8s
Rendered 89/90, time remaining: 4s
Rendered 90/90
Encoded 2/90
Encoded 2/90
Encoded 2/90
Encoded 4/90
Encoded 4/90
Encoded 4/90
Encoded 6/90
Encoded 8/90
Encoded 9/90
Encoded 12/90
Encoded 13/90
Encoded 16/90
Encoded 16/90
Encoded 16/90
Encoded 20/90
Encoded 21/90
Encoded 21/90
Encoded 24/90
Encoded 25/90
Encoded 27/90
Encoded 31/90
Encoded 31/90
Encoded 32/90
Encoded 35/90
Encoded 35/90
Encoded 35/90
Encoded 39/90
Encoded 39/90
Encoded 41/90
Encoded 43/90
Encoded 47/90
Encoded 47/90
Encoded 47/90
Encoded 47/90
Encoded 51/90
Encoded 53/90
Encoded 56/90
Encoded 59/90
Encoded 59/90
Encoded 59/90
Encoded 59/90
Encoded 64/90
Encoded 68/90
Encoded 71/90
Encoded 71/90
Encoded 71/90
Encoded 71/90
Encoded 76/90
Encoded 79/90
Encoded 83/90
Encoded 84/90
Encoded 90/90
+                    animations/verdant/Anim46-TransitionP3.mp4 847.6 kB
