Bundling 6%
Bundling 15%
Bundling 64%
Bundling 69%
Bundling 74%
Bundling 80%
Bundling 85%
Bundling 90%
Bundling 95%
Bundling 100%
<w> [webpack.cache.PackFileCacheStrategy] Caching failed for pack: Error: ENOENT: no such file or directory, rename '/Users/ibrahimkamara/yt-animations/node_modules/.cache/webpack/remotion-production-4.0.462/2c23024c16c471ec43657ab4d27e280c/2.pack_' -> '/Users/ibrahimkamara/yt-animations/node_modules/.cache/webpack/remotion-production-4.0.462/2c23024c16c471ec43657ab4d27e280c/2.pack'
Getting composition
Composition          Anim38-HighlightLogos
Codec                h264
Output               animations/verdant/Anim38-HighlightLogos.mp4
Concurrency          4x
Rendered 0/90
Rendered 1/90, time remaining: 6m 59s
Rendered 2/90, time remaining: 3m 27s
Rendered 3/90, time remaining: 2m 18s
Rendered 4/90, time remaining: 1m 51s
Rendered 5/90, time remaining: 1m 51s
Rendered 6/90, time remaining: 1m 32s
Rendered 7/90, time remaining: 1m 23s
Rendered 8/90, time remaining: 1m 12s
Rendered 9/90, time remaining: 1m 9s
Rendered 10/90, time remaining: 1m 3s
Rendered 11/90, time remaining: 1m 1s
Rendered 12/90, time remaining: 56s
Rendered 13/90, time remaining: 57s
Rendered 14/90, time remaining: 52s
Rendered 15/90, time remaining: 50s
Rendered 16/90, time remaining: 46s
Rendered 17/90, time remaining: 45s
Rendered 18/90, time remaining: 42s
Rendered 19/90, time remaining: 41s
Rendered 20/90, time remaining: 38s
Rendered 21/90, time remaining: 37s
Rendered 22/90, time remaining: 35s
Rendered 23/90, time remaining: 34s
Rendered 24/90, time remaining: 32s
Rendered 25/90, time remaining: 32s
Rendered 26/90, time remaining: 31s
Rendered 27/90, time remaining: 30s
Rendered 28/90, time remaining: 28s
Rendered 29/90, time remaining: 28s
Rendered 30/90, time remaining: 26s
Rendered 31/90, time remaining: 26s
Rendered 32/90, time remaining: 25s
Rendered 33/90, time remaining: 24s
Rendered 34/90, time remaining: 23s
Rendered 35/90, time remaining: 22s
Rendered 36/90, time remaining: 21s
Rendered 37/90, time remaining: 21s
Rendered 38/90, time remaining: 20s
Rendered 39/90, time remaining: 19s
Rendered 40/90, time remaining: 18s
Rendered 41/90, time remaining: 18s
Rendered 42/90, time remaining: 17s
Rendered 43/90, time remaining: 17s
Rendered 44/90, time remaining: 17s
Rendered 45/90, time remaining: 16s
Rendered 46/90, time remaining: 15s
Rendered 47/90, time remaining: 15s
Rendered 48/90, time remaining: 15s
Rendered 49/90, time remaining: 14s
Rendered 50/90, time remaining: 14s
Rendered 51/90, time remaining: 13s
Rendered 52/90, time remaining: 13s
Rendered 53/90, time remaining: 12s
Rendered 54/90, time remaining: 12s
Rendered 55/90, time remaining: 11s
Rendered 56/90, time remaining: 11s
Rendered 57/90, time remaining: 11s
Rendered 58/90, time remaining: 10s
Rendered 59/90, time remaining: 10s
Rendered 60/90, time remaining: 9s
Rendered 61/90, time remaining: 9s
Rendered 62/90, time remaining: 9s
Rendered 63/90, time remaining: 8s
Rendered 64/90, time remaining: 8s
Rendered 65/90, time remaining: 7s
Rendered 66/90, time remaining: 7s
Rendered 67/90, time remaining: 7s
Rendered 68/90, time remaining: 6s
Rendered 69/90, time remaining: 6s
Rendered 70/90, time remaining: 6s
Rendered 71/90, time remaining: 5s
Rendered 72/90, time remaining: 5s
Rendered 73/90, time remaining: 5s
Rendered 74/90, time remaining: 4s
Rendered 75/90, time remaining: 4s
Rendered 76/90, time remaining: 4s
Rendered 77/90, time remaining: 3s
Rendered 78/90, time remaining: 3s
Rendered 79/90, time remaining: 3s
Rendered 80/90, time remaining: 2s
Rendered 81/90, time remaining: 2s
Rendered 82/90, time remaining: 2s
Rendered 83/90, time remaining: 2s
Rendered 84/90, time remaining: 1s
Rendered 85/90, time remaining: 1s
Rendered 86/90, time remaining: 1s
Rendered 87/90, time remaining: 0s
Rendered 88/90, time remaining: 0s
Rendered 89/90, time remaining: 0s
Rendered 90/90
Encoded 3/90
Encoded 7/90
Encoded 9/90
Encoded 10/90
Encoded 14/90
Encoded 19/90
Encoded 23/90
Encoded 23/90
Encoded 27/90
Encoded 31/90
Encoded 34/90
Encoded 37/90
Encoded 47/90
Encoded 60/90
Encoded 71/90
Encoded 79/90
Encoded 79/90
Encoded 79/90
Encoded 79/90
Encoded 79/90
Encoded 85/90
Encoded 90/90
+                    animations/verdant/Anim38-HighlightLogos.mp4 178.2 kB
