Bundling 6%
Bundling 16%
Bundling 64%
Bundling 69%
Bundling 74%
Bundling 80%
Bundling 85%
Bundling 90%
Bundling 95%
Bundling 100%
Getting composition
Composition          Anim39-1Clic20Marques
Codec                h264
Output               animations/verdant/Anim39-1Clic20Marques.mp4
Concurrency          4x
Rendered 0/60
Rendered 1/60, time remaining: 16m 55s
Rendered 2/60, time remaining: 20m 16s
Rendered 3/60, time remaining: 15m 43s
Rendered 4/60, time remaining: 12m 36s
Rendered 5/60, time remaining: 10m 22s
Rendered 6/60, time remaining: 8m 44s
Rendered 7/60, time remaining: 7m 37s
Rendered 8/60, time remaining: 6m 38s
Rendered 9/60, time remaining: 5m 56s
Rendered 10/60, time remaining: 5m 17s
Rendered 11/60, time remaining: 4m 53s
Rendered 12/60, time remaining: 4m 23s
Rendered 13/60, time remaining: 4m 4s
Rendered 14/60, time remaining: 3m 44s
Rendered 15/60, time remaining: 3m 31s
Rendered 16/60, time remaining: 3m 14s
Rendered 17/60, time remaining: 3m 3s
Rendered 18/60, time remaining: 2m 51s
Rendered 19/60, time remaining: 2m 42s
Rendered 20/60, time remaining: 2m 31s
Rendered 21/60, time remaining: 2m 23s
Rendered 22/60, time remaining: 2m 14s
Rendered 23/60, time remaining: 2m 8s
Rendered 24/60, time remaining: 2m 0s
Rendered 25/60, time remaining: 1m 55s
Rendered 26/60, time remaining: 1m 48s
Rendered 27/60, time remaining: 1m 43s
Rendered 28/60, time remaining: 1m 37s
Rendered 29/60, time remaining: 1m 33s
Rendered 30/60, time remaining: 1m 27s
Rendered 31/60, time remaining: 1m 23s
Rendered 32/60, time remaining: 1m 18s
Rendered 33/60, time remaining: 1m 15s
Rendered 34/60, time remaining: 1m 10s
Rendered 35/60, time remaining: 1m 7s
Rendered 36/60, time remaining: 1m 3s
Rendered 37/60, time remaining: 1m 0s
Rendered 38/60, time remaining: 56s
Rendered 39/60, time remaining: 53s
Rendered 40/60, time remaining: 49s
Rendered 41/60, time remaining: 47s
Rendered 42/60, time remaining: 43s
Rendered 43/60, time remaining: 41s
Rendered 44/60, time remaining: 38s
Rendered 45/60, time remaining: 35s
Rendered 46/60, time remaining: 32s
Rendered 47/60, time remaining: 30s
Rendered 48/60, time remaining: 27s
Rendered 49/60, time remaining: 24s
Rendered 50/60, time remaining: 22s
Rendered 51/60, time remaining: 20s
Rendered 52/60, time remaining: 17s
Rendered 53/60, time remaining: 15s
Rendered 54/60, time remaining: 12s
Rendered 55/60, time remaining: 10s
Rendered 56/60, time remaining: 8s
Rendered 57/60, time remaining: 6s
Rendered 58/60, time remaining: 4s
Rendered 59/60, time remaining: 2s
Rendered 60/60
Encoded 3/60
Encoded 3/60
Encoded 3/60
Encoded 16/60
Encoded 28/60
Encoded 40/60
Encoded 48/60
Encoded 60/60
+                    animations/verdant/Anim39-1Clic20Marques.mp4 937.1 kB
