Bundling 6%
Bundling 17%
Bundling 64%
Bundling 69%
Bundling 74%
Bundling 80%
Bundling 85%
Bundling 90%
Bundling 95%
Bundling 100%
Getting composition
Composition          Anim40-RehookEmails
Codec                h264
Output               animations/verdant/Anim40-RehookEmails.mp4
Concurrency          4x
Rendered 0/60
Rendered 1/60, time remaining: 5m 9s
Rendered 2/60, time remaining: 13m 42s
Rendered 3/60, time remaining: 12m 39s
Rendered 4/60, time remaining: 10m 1s
Rendered 5/60, time remaining: 8m 20s
Rendered 6/60, time remaining: 7m 32s
Rendered 7/60, time remaining: 6m 22s
Rendered 8/60, time remaining: 5m 36s
Rendered 9/60, time remaining: 5m 15s
Rendered 10/60, time remaining: 4m 39s
Rendered 11/60, time remaining: 4m 10s
Rendered 12/60, time remaining: 3m 49s
Rendered 13/60, time remaining: 3m 39s
Rendered 14/60, time remaining: 3m 20s
Rendered 15/60, time remaining: 3m 3s
Rendered 16/60, time remaining: 2m 50s
Rendered 17/60, time remaining: 2m 46s
Rendered 18/60, time remaining: 2m 35s
Rendered 19/60, time remaining: 2m 23s
Rendered 20/60, time remaining: 2m 13s
Rendered 21/60, time remaining: 2m 11s
Rendered 22/60, time remaining: 2m 3s
Rendered 23/60, time remaining: 1m 54s
Rendered 24/60, time remaining: 1m 47s
Rendered 25/60, time remaining: 1m 46s
Rendered 26/60, time remaining: 1m 39s
Rendered 27/60, time remaining: 1m 33s
Rendered 28/60, time remaining: 1m 27s
Rendered 29/60, time remaining: 1m 26s
Rendered 30/60, time remaining: 1m 21s
Rendered 31/60, time remaining: 1m 16s
Rendered 32/60, time remaining: 1m 11s
Rendered 33/60, time remaining: 1m 10s
Rendered 34/60, time remaining: 1m 5s
Rendered 35/60, time remaining: 1m 2s
Rendered 36/60, time remaining: 59s
Rendered 37/60, time remaining: 56s
Rendered 38/60, time remaining: 52s
Rendered 39/60, time remaining: 50s
Rendered 40/60, time remaining: 47s
Rendered 41/60, time remaining: 44s
Rendered 42/60, time remaining: 41s
Rendered 43/60, time remaining: 39s
Rendered 44/60, time remaining: 36s
Rendered 45/60, time remaining: 33s
Rendered 46/60, time remaining: 30s
Rendered 47/60, time remaining: 29s
Rendered 48/60, time remaining: 26s
Rendered 49/60, time remaining: 23s
Rendered 50/60, time remaining: 21s
Rendered 51/60, time remaining: 19s
Rendered 52/60, time remaining: 16s
Rendered 53/60, time remaining: 14s
Rendered 54/60, time remaining: 12s
Rendered 55/60, time remaining: 10s
Rendered 56/60, time remaining: 8s
Rendered 57/60, time remaining: 6s
Rendered 58/60, time remaining: 4s
Rendered 59/60, time remaining: 2s
Rendered 60/60
Encoded 2/60
Encoded 3/60
Encoded 15/60
Encoded 19/60
Encoded 34/60
Encoded 46/60
Encoded 50/60
Encoded 60/60
+                    animations/verdant/Anim40-RehookEmails.mp4 923 kB
