Bundling 6%
Bundling 15%
Bundling 63%
Bundling 69%
Bundling 74%
Bundling 80%
Bundling 85%
Bundling 90%
Bundling 95%
Bundling 100%
<w> [webpack.cache.PackFileCacheStrategy] Caching failed for pack: Error: ENOENT: no such file or directory, rename '/Users/ibrahimkamara/yt-animations/node_modules/.cache/webpack/remotion-production-4.0.462/2c23024c16c471ec43657ab4d27e280c/4.pack_' -> '/Users/ibrahimkamara/yt-animations/node_modules/.cache/webpack/remotion-production-4.0.462/2c23024c16c471ec43657ab4d27e280c/4.pack'
Getting composition
Composition          Anim05-Plus1An
Codec                h264
Output               animations/verdant/Anim05-Plus1An.mp4
Concurrency          4x
Rendered 0/90
Rendered 1/90, time remaining: 10m 8s
Rendered 2/90, time remaining: 6m 2s
Rendered 3/90, time remaining: 4m 0s
Rendered 4/90, time remaining: 3m 2s
Rendered 5/90, time remaining: 7m 29s
Rendered 6/90, time remaining: 7m 51s
Rendered 7/90, time remaining: 6m 42s
Rendered 8/90, time remaining: 5m 48s
Rendered 9/90, time remaining: 15m 54s
Rendered 10/90, time remaining: 14m 8s
Rendered 11/90, time remaining: 12m 55s
Rendered 12/90, time remaining: 11m 42s
Rendered 13/90, time remaining: 12m 13s
Rendered 14/90, time remaining: 11m 15s
Rendered 15/90, time remaining: 10m 32s
Rendered 16/90, time remaining: 9m 50s
Rendered 17/90, time remaining: 9m 59s
Rendered 18/90, time remaining: 9m 22s
Rendered 19/90, time remaining: 8m 45s
Rendered 20/90, time remaining: 8m 40s
Rendered 21/90, time remaining: 8m 23s
Rendered 22/90, time remaining: 7m 55s
Rendered 23/90, time remaining: 7m 29s
Rendered 24/90, time remaining: 7m 40s
Rendered 25/90, time remaining: 7m 16s
Rendered 26/90, time remaining: 6m 55s
Rendered 27/90, time remaining: 6m 35s
Rendered 28/90, time remaining: 6m 39s
Rendered 29/90, time remaining: 6m 40s
Rendered 30/90, time remaining: 6m 20s
Rendered 31/90, time remaining: 6m 3s
Rendered 32/90, time remaining: 6m 3s
Rendered 33/90, time remaining: 5m 54s
Rendered 34/90, time remaining: 5m 38s
Rendered 35/90, time remaining: 5m 24s
Rendered 36/90, time remaining: 5m 24s
Rendered 37/90, time remaining: 5m 16s
Rendered 38/90, time remaining: 5m 4s
Rendered 39/90, time remaining: 4m 58s
Rendered 40/90, time remaining: 4m 50s
Rendered 41/90, time remaining: 4m 41s
Rendered 42/90, time remaining: 4m 31s
Rendered 43/90, time remaining: 4m 26s
Rendered 44/90, time remaining: 4m 20s
Rendered 45/90, time remaining: 4m 10s
Rendered 46/90, time remaining: 4m 3s
Rendered 47/90, time remaining: 3m 57s
Rendered 48/90, time remaining: 3m 53s
Rendered 49/90, time remaining: 3m 48s
Rendered 50/90, time remaining: 3m 41s
Rendered 51/90, time remaining: 3m 32s
Rendered 52/90, time remaining: 3m 25s
Rendered 53/90, time remaining: 3m 20s
Rendered 54/90, time remaining: 3m 15s
Rendered 55/90, time remaining: 3m 10s
Rendered 56/90, time remaining: 3m 3s
Rendered 57/90, time remaining: 2m 56s
Rendered 58/90, time remaining: 2m 51s
Rendered 59/90, time remaining: 2m 48s
Rendered 60/90, time remaining: 2m 40s
Rendered 61/90, time remaining: 2m 34s
Rendered 62/90, time remaining: 2m 32s
Rendered 63/90, time remaining: 2m 25s
Rendered 64/90, time remaining: 2m 18s
Rendered 65/90, time remaining: 2m 13s
Rendered 66/90, time remaining: 2m 10s
Rendered 67/90, time remaining: 2m 2s
Rendered 68/90, time remaining: 1m 58s
Rendered 69/90, time remaining: 1m 52s
Rendered 70/90, time remaining: 1m 47s
Rendered 71/90, time remaining: 1m 42s
Rendered 72/90, time remaining: 1m 36s
Rendered 73/90, time remaining: 1m 30s
Rendered 74/90, time remaining: 1m 25s
Rendered 75/90, time remaining: 1m 20s
Rendered 76/90, time remaining: 1m 14s
Rendered 77/90, time remaining: 1m 8s
Rendered 78/90, time remaining: 1m 4s
Rendered 79/90, time remaining: 58s
Rendered 80/90, time remaining: 53s
Rendered 81/90, time remaining: 47s
Rendered 82/90, time remaining: 42s
Rendered 83/90, time remaining: 37s
Rendered 84/90, time remaining: 31s
Rendered 85/90, time remaining: 26s
Rendered 86/90, time remaining: 21s
Rendered 87/90, time remaining: 15s
Rendered 88/90, time remaining: 10s
Rendered 89/90, time remaining: 5s
Rendered 90/90
Encoded 1/90
Encoded 1/90
Encoded 3/90
Encoded 5/90
Encoded 5/90
Encoded 5/90
Encoded 5/90
Encoded 8/90
Encoded 11/90
Encoded 12/90
Encoded 12/90
Encoded 16/90
Encoded 16/90
Encoded 17/90
Encoded 20/90
Encoded 20/90
Encoded 20/90
Encoded 20/90
Encoded 21/90
Encoded 25/90
Encoded 26/90
Encoded 30/90
Encoded 31/90
Encoded 33/90
Encoded 34/90
Encoded 34/90
Encoded 34/90
Encoded 34/90
Encoded 38/90
Encoded 38/90
Encoded 42/90
Encoded 46/90
Encoded 46/90
Encoded 46/90
Encoded 46/90
Encoded 46/90
Encoded 50/90
Encoded 54/90
Encoded 56/90
Encoded 58/90
Encoded 58/90
Encoded 58/90
Encoded 58/90
Encoded 58/90
Encoded 58/90
Encoded 64/90
Encoded 66/90
Encoded 68/90
Encoded 70/90
Encoded 70/90
Encoded 70/90
Encoded 70/90
Encoded 74/90
Encoded 74/90
Encoded 74/90
Encoded 82/90
Encoded 82/90
Encoded 86/90
Encoded 86/90
Encoded 90/90
+                    animations/verdant/Anim05-Plus1An.mp4 772.6 kB
