Bundling 6%
Bundling 24%
Bundling 38%
Bundling 51%
Bundling 65%
Bundling 70%
Bundling 75%
Bundling 80%
Bundling 85%
Bundling 91%
Bundling 98%
Bundling 100%
Getting composition
Composition          Anim23-RehookGagnerPlus
Codec                h264
Output               animations/verdant/Anim23-RehookGagnerPlus.mp4
Concurrency          4x
Rendered 0/75
Rendered 1/75, time remaining: 2m 55s
Rendered 2/75, time remaining: 18m 16s
Rendered 3/75, time remaining: 33m 44s
Rendered 4/75, time remaining: 26m 48s
Rendered 5/75, time remaining: 28m 37s
Rendered 6/75, time remaining: 25m 28s
Rendered 7/75, time remaining: 24m 49s
Rendered 8/75, time remaining: 23m 3s
Rendered 9/75, time remaining: 21m 51s
Rendered 10/75, time remaining: 19m 29s
Rendered 11/75, time remaining: 18m 13s
Rendered 12/75, time remaining: 16m 44s
Rendered 13/75, time remaining: 15m 16s
Rendered 14/75, time remaining: 14m 29s
Rendered 15/75, time remaining: 13m 32s
Rendered 16/75, time remaining: 12m 32s
Rendered 17/75, time remaining: 12m 0s
Rendered 18/75, time remaining: 11m 14s
Rendered 19/75, time remaining: 10m 32s
Rendered 20/75, time remaining: 9m 52s
Rendered 21/75, time remaining: 9m 31s
Rendered 22/75, time remaining: 9m 2s
Rendered 23/75, time remaining: 8m 31s
Rendered 24/75, time remaining: 8m 3s
Rendered 25/75, time remaining: 7m 48s
Rendered 26/75, time remaining: 7m 26s
Rendered 27/75, time remaining: 7m 2s
Rendered 28/75, time remaining: 6m 41s
Rendered 29/75, time remaining: 6m 30s
Rendered 30/75, time remaining: 6m 12s
Rendered 31/75, time remaining: 5m 53s
Rendered 32/75, time remaining: 5m 37s
Rendered 33/75, time remaining: 5m 25s
Rendered 34/75, time remaining: 5m 12s
Rendered 35/75, time remaining: 4m 58s
Rendered 36/75, time remaining: 4m 44s
Rendered 37/75, time remaining: 4m 32s
Rendered 38/75, time remaining: 4m 20s
Rendered 39/75, time remaining: 4m 8s
Rendered 40/75, time remaining: 3m 56s
Rendered 41/75, time remaining: 3m 45s
Rendered 42/75, time remaining: 3m 35s
Rendered 43/75, time remaining: 3m 25s
Rendered 44/75, time remaining: 3m 15s
Rendered 45/75, time remaining: 3m 5s
Rendered 46/75, time remaining: 2m 56s
Rendered 47/75, time remaining: 2m 47s
Rendered 48/75, time remaining: 2m 38s
Rendered 49/75, time remaining: 2m 30s
Rendered 50/75, time remaining: 2m 22s
Rendered 51/75, time remaining: 2m 14s
Rendered 52/75, time remaining: 2m 6s
Rendered 53/75, time remaining: 1m 59s
Rendered 54/75, time remaining: 1m 52s
Rendered 55/75, time remaining: 1m 45s
Rendered 56/75, time remaining: 1m 38s
Rendered 57/75, time remaining: 1m 32s
Rendered 58/75, time remaining: 1m 25s
Rendered 59/75, time remaining: 1m 19s
Rendered 60/75, time remaining: 1m 13s
Rendered 61/75, time remaining: 1m 7s
Rendered 62/75, time remaining: 1m 1s
Rendered 63/75, time remaining: 56s
Rendered 64/75, time remaining: 50s
Rendered 65/75, time remaining: 45s
Rendered 66/75, time remaining: 40s
Rendered 67/75, time remaining: 35s
Rendered 68/75, time remaining: 30s
Rendered 69/75, time remaining: 25s
Rendered 70/75, time remaining: 21s
Rendered 71/75, time remaining: 16s
Rendered 72/75, time remaining: 12s
Rendered 73/75, time remaining: 8s
Rendered 74/75, time remaining: 4s
Rendered 75/75
Encoded 2/75
Encoded 2/75
Encoded 4/75
Encoded 10/75
Encoded 18/75
Encoded 30/75
Encoded 42/75
Encoded 58/75
Encoded 75/75
+                    animations/verdant/Anim23-RehookGagnerPlus.mp4 1.2 MB
