Bundling 6%
Bundling 24%
Bundling 38%
Bundling 51%
Bundling 65%
Bundling 70%
Bundling 75%
Bundling 80%
Bundling 85%
Bundling 91%
Bundling 98%
Bundling 100%
Getting composition
Composition          Anim20-LaSolution
Codec                h264
Output               animations/verdant/Anim20-LaSolution.mp4
Concurrency          4x
Rendered 0/90
Rendered 1/90, time remaining: 13m 50s
Rendered 2/90, time remaining: 7m 2s
Rendered 3/90, time remaining: 4m 47s
Rendered 4/90, time remaining: 3m 46s
Rendered 5/90, time remaining: 3m 43s
Rendered 6/90, time remaining: 3m 5s
Rendered 7/90, time remaining: 2m 37s
Rendered 8/90, time remaining: 2m 27s
Rendered 9/90, time remaining: 3m 2s
Rendered 10/90, time remaining: 2m 42s
Rendered 11/90, time remaining: 2m 29s
Rendered 12/90, time remaining: 3m 6s
Rendered 13/90, time remaining: 3m 9s
Rendered 14/90, time remaining: 2m 59s
Rendered 15/90, time remaining: 2m 47s
Rendered 16/90, time remaining: 3m 22s
Rendered 17/90, time remaining: 3m 23s
Rendered 18/90, time remaining: 3m 14s
Rendered 19/90, time remaining: 3m 2s
Rendered 20/90, time remaining: 3m 19s
Rendered 21/90, time remaining: 3m 22s
Rendered 22/90, time remaining: 3m 11s
Rendered 23/90, time remaining: 3m 14s
Rendered 24/90, time remaining: 3m 13s
Rendered 25/90, time remaining: 3m 14s
Rendered 26/90, time remaining: 3m 16s
Rendered 27/90, time remaining: 3m 9s
Rendered 28/90, time remaining: 3m 4s
Rendered 29/90, time remaining: 3m 4s
Rendered 30/90, time remaining: 3m 3s
Rendered 31/90, time remaining: 3m 0s
Rendered 32/90, time remaining: 2m 57s
Rendered 33/90, time remaining: 2m 59s
Rendered 34/90, time remaining: 2m 59s
Rendered 35/90, time remaining: 2m 58s
Rendered 36/90, time remaining: 2m 55s
Rendered 37/90, time remaining: 2m 56s
Rendered 38/90, time remaining: 2m 55s
Rendered 39/90, time remaining: 2m 59s
Rendered 40/90, time remaining: 2m 55s
Rendered 41/90, time remaining: 2m 48s
Rendered 42/90, time remaining: 2m 44s
Rendered 43/90, time remaining: 2m 44s
Rendered 44/90, time remaining: 2m 39s
Rendered 45/90, time remaining: 2m 32s
Rendered 46/90, time remaining: 2m 28s
Rendered 47/90, time remaining: 2m 26s
Rendered 48/90, time remaining: 2m 22s
Rendered 49/90, time remaining: 2m 16s
Rendered 50/90, time remaining: 2m 12s
Rendered 51/90, time remaining: 2m 9s
Rendered 52/90, time remaining: 2m 5s
Rendered 53/90, time remaining: 2m 0s
Rendered 54/90, time remaining: 1m 56s
Rendered 55/90, time remaining: 1m 53s
Rendered 56/90, time remaining: 1m 49s
Rendered 57/90, time remaining: 1m 44s
Rendered 58/90, time remaining: 1m 40s
Rendered 59/90, time remaining: 1m 38s
Rendered 60/90, time remaining: 1m 34s
Rendered 61/90, time remaining: 1m 30s
Rendered 62/90, time remaining: 1m 26s
Rendered 63/90, time remaining: 1m 23s
Rendered 64/90, time remaining: 1m 19s
Rendered 65/90, time remaining: 1m 15s
Rendered 66/90, time remaining: 1m 12s
Rendered 67/90, time remaining: 1m 9s
Rendered 68/90, time remaining: 1m 6s
Rendered 69/90, time remaining: 1m 2s
Rendered 70/90, time remaining: 59s
Rendered 71/90, time remaining: 56s
Rendered 72/90, time remaining: 53s
Rendered 73/90, time remaining: 49s
Rendered 74/90, time remaining: 46s
Rendered 75/90, time remaining: 43s
Rendered 76/90, time remaining: 40s
Rendered 77/90, time remaining: 37s
Rendered 78/90, time remaining: 34s
Rendered 79/90, time remaining: 31s
Rendered 80/90, time remaining: 28s
Rendered 81/90, time remaining: 25s
Rendered 82/90, time remaining: 22s
Rendered 83/90, time remaining: 19s
Rendered 84/90, time remaining: 16s
Rendered 85/90, time remaining: 14s
Rendered 86/90, time remaining: 11s
Rendered 87/90, time remaining: 8s
Rendered 88/90, time remaining: 5s
Rendered 89/90, time remaining: 2s
Rendered 90/90
Encoded 3/90
Encoded 5/90
Encoded 7/90
Encoded 7/90
Encoded 10/90
Encoded 16/90
Encoded 18/90
Encoded 19/90
Encoded 22/90
Encoded 23/90
Encoded 26/90
Encoded 26/90
Encoded 30/90
Encoded 34/90
Encoded 34/90
Encoded 38/90
Encoded 38/90
Encoded 39/90
Encoded 46/90
Encoded 46/90
Encoded 46/90
Encoded 51/90
Encoded 54/90
Encoded 58/90
Encoded 58/90
Encoded 58/90
Encoded 58/90
Encoded 60/90
Encoded 66/90
Encoded 66/90
Encoded 70/90
Encoded 70/90
Encoded 70/90
Encoded 70/90
Encoded 74/90
Encoded 74/90
Encoded 74/90
Encoded 78/90
Encoded 79/90
Encoded 83/90
Encoded 86/90
Encoded 86/90
Encoded 86/90
Encoded 90/90
+                    animations/verdant/Anim20-LaSolution.mp4 809.2 kB
