Bundling 6%
Bundling 16%
Bundling 64%
Bundling 69%
Bundling 74%
Bundling 80%
Bundling 85%
Bundling 90%
Bundling 95%
Bundling 100%
<w> [webpack.cache.PackFileCacheStrategy] Caching failed for pack: Error: ENOENT: no such file or directory, rename '/Users/ibrahimkamara/yt-animations/node_modules/.cache/webpack/remotion-production-4.0.462/2c23024c16c471ec43657ab4d27e280c/4.pack_' -> '/Users/ibrahimkamara/yt-animations/node_modules/.cache/webpack/remotion-production-4.0.462/2c23024c16c471ec43657ab4d27e280c/4.pack'
Getting composition
Composition          Anim10-Tease3Etapes
Codec                h264
Output               animations/verdant/Anim10-Tease3Etapes.mp4
Concurrency          4x
Rendered 0/120
Rendered 1/120, time remaining: 1h 3m 30s
Rendered 2/120, time remaining: 31m 49s
Rendered 3/120, time remaining: 21m 2s
Rendered 4/120, time remaining: 15m 42s
Rendered 5/120, time remaining: 41m 5s
Rendered 6/120, time remaining: 34m 0s
Rendered 7/120, time remaining: 28m 53s
Rendered 8/120, time remaining: 25m 3s
Rendered 9/120, time remaining: 25m 25s
Rendered 10/120, time remaining: 22m 45s
Rendered 11/120, time remaining: 20m 30s
Rendered 12/120, time remaining: 18m 38s
Rendered 13/120, time remaining: 18m 46s
Rendered 14/120, time remaining: 17m 26s
Rendered 15/120, time remaining: 16m 45s
Rendered 16/120, time remaining: 15m 36s
Rendered 17/120, time remaining: 15m 17s
Rendered 18/120, time remaining: 14m 24s
Rendered 19/120, time remaining: 13m 52s
Rendered 20/120, time remaining: 13m 7s
Rendered 21/120, time remaining: 12m 56s
Rendered 22/120, time remaining: 12m 37s
Rendered 23/120, time remaining: 11m 58s
Rendered 24/120, time remaining: 11m 26s
Rendered 25/120, time remaining: 11m 21s
Rendered 26/120, time remaining: 11m 3s
Rendered 27/120, time remaining: 10m 37s
Rendered 28/120, time remaining: 10m 11s
Rendered 29/120, time remaining: 10m 24s
Rendered 30/120, time remaining: 10m 2s
Rendered 31/120, time remaining: 9m 37s
Rendered 32/120, time remaining: 9m 14s
Rendered 33/120, time remaining: 9m 31s
Rendered 34/120, time remaining: 9m 21s
Rendered 35/120, time remaining: 9m 5s
Rendered 36/120, time remaining: 8m 45s
Rendered 37/120, time remaining: 8m 40s
Rendered 38/120, time remaining: 8m 30s
Rendered 39/120, time remaining: 8m 18s
Rendered 40/120, time remaining: 8m 1s
Rendered 41/120, time remaining: 8m 8s
Rendered 42/120, time remaining: 7m 53s
Rendered 43/120, time remaining: 7m 37s
Rendered 44/120, time remaining: 7m 21s
Rendered 45/120, time remaining: 7m 29s
Rendered 46/120, time remaining: 7m 15s
Rendered 47/120, time remaining: 7m 1s
Rendered 48/120, time remaining: 6m 57s
Rendered 49/120, time remaining: 6m 53s
Rendered 50/120, time remaining: 6m 43s
Rendered 51/120, time remaining: 6m 30s
Rendered 52/120, time remaining: 6m 33s
Rendered 53/120, time remaining: 6m 22s
Rendered 54/120, time remaining: 6m 19s
Rendered 55/120, time remaining: 6m 8s
Rendered 56/120, time remaining: 6m 2s
Rendered 57/120, time remaining: 6m 2s
Rendered 58/120, time remaining: 5m 59s
Rendered 59/120, time remaining: 5m 48s
Rendered 60/120, time remaining: 5m 39s
Rendered 61/120, time remaining: 5m 34s
Rendered 62/120, time remaining: 5m 33s
Rendered 63/120, time remaining: 5m 29s
Rendered 64/120, time remaining: 5m 19s
Rendered 65/120, time remaining: 5m 9s
Rendered 66/120, time remaining: 5m 13s
Rendered 67/120, time remaining: 5m 3s
Rendered 68/120, time remaining: 4m 59s
Rendered 69/120, time remaining: 4m 49s
Rendered 70/120, time remaining: 4m 46s
Rendered 71/120, time remaining: 4m 39s
Rendered 72/120, time remaining: 4m 38s
Rendered 73/120, time remaining: 4m 29s
Rendered 74/120, time remaining: 4m 21s
Rendered 75/120, time remaining: 4m 19s
Rendered 76/120, time remaining: 4m 12s
Rendered 77/120, time remaining: 4m 5s
Rendered 78/120, time remaining: 4m 0s
Rendered 79/120, time remaining: 3m 55s
Rendered 80/120, time remaining: 3m 48s
Rendered 81/120, time remaining: 3m 40s
Rendered 82/120, time remaining: 3m 39s
Rendered 83/120, time remaining: 3m 32s
Rendered 84/120, time remaining: 3m 24s
Rendered 85/120, time remaining: 3m 18s
Rendered 86/120, time remaining: 3m 14s
Rendered 87/120, time remaining: 3m 8s
Rendered 88/120, time remaining: 3m 0s
Rendered 89/120, time remaining: 2m 54s
Rendered 90/120, time remaining: 2m 49s
Rendered 91/120, time remaining: 2m 43s
Rendered 92/120, time remaining: 2m 36s
Rendered 93/120, time remaining: 2m 30s
Rendered 94/120, time remaining: 2m 24s
Rendered 95/120, time remaining: 2m 19s
Rendered 96/120, time remaining: 2m 13s
Rendered 97/120, time remaining: 2m 7s
Rendered 98/120, time remaining: 2m 1s
Rendered 99/120, time remaining: 1m 55s
Rendered 100/120, time remaining: 1m 49s
Rendered 101/120, time remaining: 1m 43s
Rendered 102/120, time remaining: 1m 37s
Rendered 103/120, time remaining: 1m 31s
Rendered 104/120, time remaining: 1m 26s
Rendered 105/120, time remaining: 1m 20s
Rendered 106/120, time remaining: 1m 14s
Rendered 107/120, time remaining: 1m 9s
Rendered 108/120, time remaining: 1m 3s
Rendered 109/120, time remaining: 58s
Rendered 110/120, time remaining: 52s
Rendered 111/120, time remaining: 47s
Rendered 112/120, time remaining: 41s
Rendered 113/120, time remaining: 36s
Rendered 114/120, time remaining: 31s
Rendered 115/120, time remaining: 25s
Rendered 116/120, time remaining: 20s
Rendered 117/120, time remaining: 15s
Rendered 118/120, time remaining: 10s
Rendered 119/120, time remaining: 5s
Rendered 120/120
Encoded 5/120
Encoded 15/120
Encoded 19/120
Encoded 27/120
Encoded 32/120
Encoded 32/120
Encoded 37/120
Encoded 44/120
Encoded 44/120
Encoded 48/120
Encoded 56/120
Encoded 58/120
Encoded 59/120
Encoded 70/120
Encoded 70/120
Encoded 74/120
Encoded 82/120
Encoded 86/120
Encoded 94/120
Encoded 102/120
Encoded 106/120
Encoded 120/120
+                    animations/verdant/Anim10-Tease3Etapes.mp4 1 MB
